<!doctype html public "-//w3c//dtd html 4.0 transitional//en">
<html><head>
<title>Static Call Graph - [.\Objects\Project.axf]</title></head>
<body><HR>
<H1>Static Call Graph for image .\Objects\Project.axf</H1><HR>
<BR><P>#&#060CALLGRAPH&#062# ARM Linker, 5060528: Last Updated: Thu Aug 28 22:11:39 2025
<BR><P>
<H3>Maximum Stack Usage =        444 bytes + Unknown(Functions without stacksize, Cycles, Untraceable Function Pointers)</H3><H3>
Call chain for Maximum Stack Depth:</H3>
__rt_entry_main &rArr; main &rArr; u8g2_DrawRBox &rArr; u8g2_DrawDisc &rArr; u8g2_draw_disc &rArr; u8g2_draw_disc_section &rArr; u8g2_DrawVLine &rArr; u8g2_DrawHVLine &rArr; u8g2_clip_intersection2
<P>
<H3>
Functions with no stack information
</H3><UL>
 <LI><a href="#[55]">__user_initial_stackheap</a>
</UL>
</UL>
<P>
<H3>
Mutually Recursive functions
</H3> <LI><a href="#[1f]">ADC1_2_IRQHandler</a>&nbsp;&nbsp;&nbsp;&rArr;&nbsp;&nbsp;&nbsp;<a href="#[1f]">ADC1_2_IRQHandler</a><BR>
 <LI><a href="#[7]">BusFault_Handler</a>&nbsp;&nbsp;&nbsp;&rArr;&nbsp;&nbsp;&nbsp;<a href="#[7]">BusFault_Handler</a><BR>
 <LI><a href="#[5]">HardFault_Handler</a>&nbsp;&nbsp;&nbsp;&rArr;&nbsp;&nbsp;&nbsp;<a href="#[5]">HardFault_Handler</a><BR>
 <LI><a href="#[6]">MemManage_Handler</a>&nbsp;&nbsp;&nbsp;&rArr;&nbsp;&nbsp;&nbsp;<a href="#[6]">MemManage_Handler</a><BR>
 <LI><a href="#[8]">UsageFault_Handler</a>&nbsp;&nbsp;&nbsp;&rArr;&nbsp;&nbsp;&nbsp;<a href="#[8]">UsageFault_Handler</a><BR>
</UL>
<P>
<H3>
Function Pointers
</H3><UL>
 <LI><a href="#[1f]">ADC1_2_IRQHandler</a> from startup_stm32f10x_md.o(.text) referenced from startup_stm32f10x_md.o(RESET)
 <LI><a href="#[7]">BusFault_Handler</a> from stm32f10x_it.o(i.BusFault_Handler) referenced from startup_stm32f10x_md.o(RESET)
 <LI><a href="#[22]">CAN1_RX1_IRQHandler</a> from startup_stm32f10x_md.o(.text) referenced from startup_stm32f10x_md.o(RESET)
 <LI><a href="#[23]">CAN1_SCE_IRQHandler</a> from startup_stm32f10x_md.o(.text) referenced from startup_stm32f10x_md.o(RESET)
 <LI><a href="#[18]">DMA1_Channel1_IRQHandler</a> from startup_stm32f10x_md.o(.text) referenced from startup_stm32f10x_md.o(RESET)
 <LI><a href="#[19]">DMA1_Channel2_IRQHandler</a> from startup_stm32f10x_md.o(.text) referenced from startup_stm32f10x_md.o(RESET)
 <LI><a href="#[1a]">DMA1_Channel3_IRQHandler</a> from startup_stm32f10x_md.o(.text) referenced from startup_stm32f10x_md.o(RESET)
 <LI><a href="#[1b]">DMA1_Channel4_IRQHandler</a> from startup_stm32f10x_md.o(.text) referenced from startup_stm32f10x_md.o(RESET)
 <LI><a href="#[1c]">DMA1_Channel5_IRQHandler</a> from startup_stm32f10x_md.o(.text) referenced from startup_stm32f10x_md.o(RESET)
 <LI><a href="#[1d]">DMA1_Channel6_IRQHandler</a> from startup_stm32f10x_md.o(.text) referenced from startup_stm32f10x_md.o(RESET)
 <LI><a href="#[1e]">DMA1_Channel7_IRQHandler</a> from startup_stm32f10x_md.o(.text) referenced from startup_stm32f10x_md.o(RESET)
 <LI><a href="#[a]">DebugMon_Handler</a> from stm32f10x_it.o(i.DebugMon_Handler) referenced from startup_stm32f10x_md.o(RESET)
 <LI><a href="#[13]">EXTI0_IRQHandler</a> from startup_stm32f10x_md.o(.text) referenced from startup_stm32f10x_md.o(RESET)
 <LI><a href="#[35]">EXTI15_10_IRQHandler</a> from startup_stm32f10x_md.o(.text) referenced from startup_stm32f10x_md.o(RESET)
 <LI><a href="#[14]">EXTI1_IRQHandler</a> from startup_stm32f10x_md.o(.text) referenced from startup_stm32f10x_md.o(RESET)
 <LI><a href="#[15]">EXTI2_IRQHandler</a> from startup_stm32f10x_md.o(.text) referenced from startup_stm32f10x_md.o(RESET)
 <LI><a href="#[16]">EXTI3_IRQHandler</a> from startup_stm32f10x_md.o(.text) referenced from startup_stm32f10x_md.o(RESET)
 <LI><a href="#[17]">EXTI4_IRQHandler</a> from startup_stm32f10x_md.o(.text) referenced from startup_stm32f10x_md.o(RESET)
 <LI><a href="#[24]">EXTI9_5_IRQHandler</a> from startup_stm32f10x_md.o(.text) referenced from startup_stm32f10x_md.o(RESET)
 <LI><a href="#[11]">FLASH_IRQHandler</a> from startup_stm32f10x_md.o(.text) referenced from startup_stm32f10x_md.o(RESET)
 <LI><a href="#[5]">HardFault_Handler</a> from stm32f10x_it.o(i.HardFault_Handler) referenced from startup_stm32f10x_md.o(RESET)
 <LI><a href="#[2d]">I2C1_ER_IRQHandler</a> from startup_stm32f10x_md.o(.text) referenced from startup_stm32f10x_md.o(RESET)
 <LI><a href="#[2c]">I2C1_EV_IRQHandler</a> from startup_stm32f10x_md.o(.text) referenced from startup_stm32f10x_md.o(RESET)
 <LI><a href="#[2f]">I2C2_ER_IRQHandler</a> from startup_stm32f10x_md.o(.text) referenced from startup_stm32f10x_md.o(RESET)
 <LI><a href="#[2e]">I2C2_EV_IRQHandler</a> from startup_stm32f10x_md.o(.text) referenced from startup_stm32f10x_md.o(RESET)
 <LI><a href="#[6]">MemManage_Handler</a> from stm32f10x_it.o(i.MemManage_Handler) referenced from startup_stm32f10x_md.o(RESET)
 <LI><a href="#[4]">NMI_Handler</a> from stm32f10x_it.o(i.NMI_Handler) referenced from startup_stm32f10x_md.o(RESET)
 <LI><a href="#[e]">PVD_IRQHandler</a> from startup_stm32f10x_md.o(.text) referenced from startup_stm32f10x_md.o(RESET)
 <LI><a href="#[b]">PendSV_Handler</a> from stm32f10x_it.o(i.PendSV_Handler) referenced from startup_stm32f10x_md.o(RESET)
 <LI><a href="#[12]">RCC_IRQHandler</a> from startup_stm32f10x_md.o(.text) referenced from startup_stm32f10x_md.o(RESET)
 <LI><a href="#[36]">RTCAlarm_IRQHandler</a> from startup_stm32f10x_md.o(.text) referenced from startup_stm32f10x_md.o(RESET)
 <LI><a href="#[10]">RTC_IRQHandler</a> from startup_stm32f10x_md.o(.text) referenced from startup_stm32f10x_md.o(RESET)
 <LI><a href="#[3]">Reset_Handler</a> from startup_stm32f10x_md.o(.text) referenced from startup_stm32f10x_md.o(RESET)
 <LI><a href="#[30]">SPI1_IRQHandler</a> from startup_stm32f10x_md.o(.text) referenced from startup_stm32f10x_md.o(RESET)
 <LI><a href="#[31]">SPI2_IRQHandler</a> from startup_stm32f10x_md.o(.text) referenced from startup_stm32f10x_md.o(RESET)
 <LI><a href="#[9]">SVC_Handler</a> from stm32f10x_it.o(i.SVC_Handler) referenced from startup_stm32f10x_md.o(RESET)
 <LI><a href="#[c]">SysTick_Handler</a> from stm32f10x_it.o(i.SysTick_Handler) referenced from startup_stm32f10x_md.o(RESET)
 <LI><a href="#[38]">SystemInit</a> from system_stm32f10x.o(i.SystemInit) referenced from startup_stm32f10x_md.o(.text)
 <LI><a href="#[f]">TAMPER_IRQHandler</a> from startup_stm32f10x_md.o(.text) referenced from startup_stm32f10x_md.o(RESET)
 <LI><a href="#[25]">TIM1_BRK_IRQHandler</a> from startup_stm32f10x_md.o(.text) referenced from startup_stm32f10x_md.o(RESET)
 <LI><a href="#[28]">TIM1_CC_IRQHandler</a> from startup_stm32f10x_md.o(.text) referenced from startup_stm32f10x_md.o(RESET)
 <LI><a href="#[27]">TIM1_TRG_COM_IRQHandler</a> from startup_stm32f10x_md.o(.text) referenced from startup_stm32f10x_md.o(RESET)
 <LI><a href="#[26]">TIM1_UP_IRQHandler</a> from startup_stm32f10x_md.o(.text) referenced from startup_stm32f10x_md.o(RESET)
 <LI><a href="#[29]">TIM2_IRQHandler</a> from startup_stm32f10x_md.o(.text) referenced from startup_stm32f10x_md.o(RESET)
 <LI><a href="#[2a]">TIM3_IRQHandler</a> from startup_stm32f10x_md.o(.text) referenced from startup_stm32f10x_md.o(RESET)
 <LI><a href="#[2b]">TIM4_IRQHandler</a> from startup_stm32f10x_md.o(.text) referenced from startup_stm32f10x_md.o(RESET)
 <LI><a href="#[32]">USART1_IRQHandler</a> from startup_stm32f10x_md.o(.text) referenced from startup_stm32f10x_md.o(RESET)
 <LI><a href="#[33]">USART2_IRQHandler</a> from startup_stm32f10x_md.o(.text) referenced from startup_stm32f10x_md.o(RESET)
 <LI><a href="#[34]">USART3_IRQHandler</a> from startup_stm32f10x_md.o(.text) referenced from startup_stm32f10x_md.o(RESET)
 <LI><a href="#[37]">USBWakeUp_IRQHandler</a> from startup_stm32f10x_md.o(.text) referenced from startup_stm32f10x_md.o(RESET)
 <LI><a href="#[20]">USB_HP_CAN1_TX_IRQHandler</a> from startup_stm32f10x_md.o(.text) referenced from startup_stm32f10x_md.o(RESET)
 <LI><a href="#[21]">USB_LP_CAN1_RX0_IRQHandler</a> from startup_stm32f10x_md.o(.text) referenced from startup_stm32f10x_md.o(RESET)
 <LI><a href="#[8]">UsageFault_Handler</a> from stm32f10x_it.o(i.UsageFault_Handler) referenced from startup_stm32f10x_md.o(RESET)
 <LI><a href="#[d]">WWDG_IRQHandler</a> from startup_stm32f10x_md.o(.text) referenced from startup_stm32f10x_md.o(RESET)
 <LI><a href="#[44]">__main</a> from __main.o(!!!main) referenced from startup_stm32f10x_md.o(.text)
 <LI><a href="#[43]">u8g2_draw_l90_r0</a> from u8g2_setup.o(i.u8g2_draw_l90_r0) referenced from u8g2_setup.o(.constdata)
 <LI><a href="#[3c]">u8g2_font_calc_vref_font</a> from u8g2_font.o(i.u8g2_font_calc_vref_font) referenced from u8g2_font.o(i.u8g2_SetFontPosBaseline)
 <LI><a href="#[3a]">u8g2_gpio_and_delay_stm32</a> from main.o(i.u8g2_gpio_and_delay_stm32) referenced from main.o(i.main)
 <LI><a href="#[3f]">u8g2_ll_hvline_vertical_top_lsb</a> from u8g2_ll_hvline.o(i.u8g2_ll_hvline_vertical_top_lsb) referenced from u8g2_d_setup.o(i.u8g2_Setup_ssd1306_i2c_128x64_noname_f)
 <LI><a href="#[41]">u8g2_update_dimension_r0</a> from u8g2_setup.o(i.u8g2_update_dimension_r0) referenced from u8g2_setup.o(.constdata)
 <LI><a href="#[42]">u8g2_update_page_win_r0</a> from u8g2_setup.o(i.u8g2_update_page_win_r0) referenced from u8g2_setup.o(.constdata)
 <LI><a href="#[3b]">u8x8_byte_sw_i2c</a> from u8x8_byte.o(i.u8x8_byte_sw_i2c) referenced from main.o(i.main)
 <LI><a href="#[3d]">u8x8_cad_ssd13xx_fast_i2c</a> from u8x8_cad.o(i.u8x8_cad_ssd13xx_fast_i2c) referenced from u8g2_d_setup.o(i.u8g2_Setup_ssd1306_i2c_128x64_noname_f)
 <LI><a href="#[3e]">u8x8_d_ssd1306_128x64_noname</a> from u8x8_d_ssd1306_128x64_noname.o(i.u8x8_d_ssd1306_128x64_noname) referenced from u8g2_d_setup.o(i.u8g2_Setup_ssd1306_i2c_128x64_noname_f)
 <LI><a href="#[40]">u8x8_dummy_cb</a> from u8x8_setup.o(i.u8x8_dummy_cb) referenced from u8x8_setup.o(i.u8x8_SetupDefaults)
</UL>
<P>
<H3>
Global Symbols
</H3>
<P><STRONG><a name="[44]"></a>__main</STRONG> (Thumb, 8 bytes, Stack size 0 bytes, __main.o(!!!main))
<BR><BR>[Calls]<UL><LI><a href="#[45]">&gt;&gt;</a>&nbsp;&nbsp;&nbsp;__scatterload
<LI><a href="#[46]">&gt;&gt;</a>&nbsp;&nbsp;&nbsp;__rt_entry
</UL>

<P><STRONG><a name="[45]"></a>__scatterload</STRONG> (Thumb, 0 bytes, Stack size unknown bytes, __scatter.o(!!!scatter))
<BR><BR>[Called By]<UL><LI><a href="#[44]">&gt;&gt;</a>&nbsp;&nbsp;&nbsp;__main
</UL>

<P><STRONG><a name="[47]"></a>__scatterload_rt2</STRONG> (Thumb, 44 bytes, Stack size unknown bytes, __scatter.o(!!!scatter), UNUSED)
<BR><BR>[Calls]<UL><LI><a href="#[46]">&gt;&gt;</a>&nbsp;&nbsp;&nbsp;__rt_entry
</UL>

<P><STRONG><a name="[98]"></a>__scatterload_rt2_thumb_only</STRONG> (Thumb, 0 bytes, Stack size unknown bytes, __scatter.o(!!!scatter), UNUSED)

<P><STRONG><a name="[99]"></a>__scatterload_null</STRONG> (Thumb, 0 bytes, Stack size unknown bytes, __scatter.o(!!!scatter), UNUSED)

<P><STRONG><a name="[48]"></a>__scatterload_copy</STRONG> (Thumb, 26 bytes, Stack size unknown bytes, __scatter_copy.o(!!handler_copy), UNUSED)
<BR><BR>[Calls]<UL><LI><a href="#[48]">&gt;&gt;</a>&nbsp;&nbsp;&nbsp;__scatterload_copy
</UL>
<BR>[Called By]<UL><LI><a href="#[48]">&gt;&gt;</a>&nbsp;&nbsp;&nbsp;__scatterload_copy
</UL>

<P><STRONG><a name="[9a]"></a>__scatterload_zeroinit</STRONG> (Thumb, 28 bytes, Stack size unknown bytes, __scatter_zi.o(!!handler_zi), UNUSED)

<P><STRONG><a name="[4c]"></a>__rt_lib_init</STRONG> (Thumb, 0 bytes, Stack size unknown bytes, libinit.o(.ARM.Collect$$libinit$$00000000))
<BR><BR>[Called By]<UL><LI><a href="#[4b]">&gt;&gt;</a>&nbsp;&nbsp;&nbsp;__rt_entry_li
</UL>

<P><STRONG><a name="[9b]"></a>__rt_lib_init_alloca_1</STRONG> (Thumb, 0 bytes, Stack size unknown bytes, libinit2.o(.ARM.Collect$$libinit$$0000002E))

<P><STRONG><a name="[9c]"></a>__rt_lib_init_argv_1</STRONG> (Thumb, 0 bytes, Stack size unknown bytes, libinit2.o(.ARM.Collect$$libinit$$0000002C))

<P><STRONG><a name="[9d]"></a>__rt_lib_init_atexit_1</STRONG> (Thumb, 0 bytes, Stack size unknown bytes, libinit2.o(.ARM.Collect$$libinit$$0000001B))

<P><STRONG><a name="[9e]"></a>__rt_lib_init_clock_1</STRONG> (Thumb, 0 bytes, Stack size unknown bytes, libinit2.o(.ARM.Collect$$libinit$$00000021))

<P><STRONG><a name="[9f]"></a>__rt_lib_init_cpp_1</STRONG> (Thumb, 0 bytes, Stack size unknown bytes, libinit2.o(.ARM.Collect$$libinit$$00000032))

<P><STRONG><a name="[a0]"></a>__rt_lib_init_exceptions_1</STRONG> (Thumb, 0 bytes, Stack size unknown bytes, libinit2.o(.ARM.Collect$$libinit$$00000030))

<P><STRONG><a name="[a1]"></a>__rt_lib_init_fp_1</STRONG> (Thumb, 0 bytes, Stack size unknown bytes, libinit2.o(.ARM.Collect$$libinit$$00000002))

<P><STRONG><a name="[a2]"></a>__rt_lib_init_fp_trap_1</STRONG> (Thumb, 0 bytes, Stack size unknown bytes, libinit2.o(.ARM.Collect$$libinit$$0000001F))

<P><STRONG><a name="[a3]"></a>__rt_lib_init_getenv_1</STRONG> (Thumb, 0 bytes, Stack size unknown bytes, libinit2.o(.ARM.Collect$$libinit$$00000023))

<P><STRONG><a name="[a4]"></a>__rt_lib_init_heap_1</STRONG> (Thumb, 0 bytes, Stack size unknown bytes, libinit2.o(.ARM.Collect$$libinit$$0000000A))

<P><STRONG><a name="[a5]"></a>__rt_lib_init_lc_collate_1</STRONG> (Thumb, 0 bytes, Stack size unknown bytes, libinit2.o(.ARM.Collect$$libinit$$00000011))

<P><STRONG><a name="[a6]"></a>__rt_lib_init_lc_ctype_1</STRONG> (Thumb, 0 bytes, Stack size unknown bytes, libinit2.o(.ARM.Collect$$libinit$$00000013))

<P><STRONG><a name="[a7]"></a>__rt_lib_init_lc_monetary_1</STRONG> (Thumb, 0 bytes, Stack size unknown bytes, libinit2.o(.ARM.Collect$$libinit$$00000015))

<P><STRONG><a name="[a8]"></a>__rt_lib_init_lc_numeric_1</STRONG> (Thumb, 0 bytes, Stack size unknown bytes, libinit2.o(.ARM.Collect$$libinit$$00000017))

<P><STRONG><a name="[a9]"></a>__rt_lib_init_lc_time_1</STRONG> (Thumb, 0 bytes, Stack size unknown bytes, libinit2.o(.ARM.Collect$$libinit$$00000019))

<P><STRONG><a name="[aa]"></a>__rt_lib_init_preinit_1</STRONG> (Thumb, 0 bytes, Stack size unknown bytes, libinit2.o(.ARM.Collect$$libinit$$00000004))

<P><STRONG><a name="[ab]"></a>__rt_lib_init_rand_1</STRONG> (Thumb, 0 bytes, Stack size unknown bytes, libinit2.o(.ARM.Collect$$libinit$$0000000E))

<P><STRONG><a name="[ac]"></a>__rt_lib_init_return</STRONG> (Thumb, 0 bytes, Stack size unknown bytes, libinit2.o(.ARM.Collect$$libinit$$00000033))

<P><STRONG><a name="[ad]"></a>__rt_lib_init_signal_1</STRONG> (Thumb, 0 bytes, Stack size unknown bytes, libinit2.o(.ARM.Collect$$libinit$$0000001D))

<P><STRONG><a name="[ae]"></a>__rt_lib_init_stdio_1</STRONG> (Thumb, 0 bytes, Stack size unknown bytes, libinit2.o(.ARM.Collect$$libinit$$00000025))

<P><STRONG><a name="[af]"></a>__rt_lib_init_user_alloc_1</STRONG> (Thumb, 0 bytes, Stack size unknown bytes, libinit2.o(.ARM.Collect$$libinit$$0000000C))

<P><STRONG><a name="[51]"></a>__rt_lib_shutdown</STRONG> (Thumb, 0 bytes, Stack size unknown bytes, libshutdown.o(.ARM.Collect$$libshutdown$$00000000))
<BR><BR>[Called By]<UL><LI><a href="#[50]">&gt;&gt;</a>&nbsp;&nbsp;&nbsp;__rt_exit_ls
</UL>

<P><STRONG><a name="[b0]"></a>__rt_lib_shutdown_cpp_1</STRONG> (Thumb, 0 bytes, Stack size unknown bytes, libshutdown2.o(.ARM.Collect$$libshutdown$$00000002))

<P><STRONG><a name="[b1]"></a>__rt_lib_shutdown_fp_trap_1</STRONG> (Thumb, 0 bytes, Stack size unknown bytes, libshutdown2.o(.ARM.Collect$$libshutdown$$00000007))

<P><STRONG><a name="[b2]"></a>__rt_lib_shutdown_heap_1</STRONG> (Thumb, 0 bytes, Stack size unknown bytes, libshutdown2.o(.ARM.Collect$$libshutdown$$0000000F))

<P><STRONG><a name="[b3]"></a>__rt_lib_shutdown_return</STRONG> (Thumb, 0 bytes, Stack size unknown bytes, libshutdown2.o(.ARM.Collect$$libshutdown$$00000010))

<P><STRONG><a name="[b4]"></a>__rt_lib_shutdown_signal_1</STRONG> (Thumb, 0 bytes, Stack size unknown bytes, libshutdown2.o(.ARM.Collect$$libshutdown$$0000000A))

<P><STRONG><a name="[b5]"></a>__rt_lib_shutdown_stdio_1</STRONG> (Thumb, 0 bytes, Stack size unknown bytes, libshutdown2.o(.ARM.Collect$$libshutdown$$00000004))

<P><STRONG><a name="[b6]"></a>__rt_lib_shutdown_user_alloc_1</STRONG> (Thumb, 0 bytes, Stack size unknown bytes, libshutdown2.o(.ARM.Collect$$libshutdown$$0000000C))

<P><STRONG><a name="[46]"></a>__rt_entry</STRONG> (Thumb, 0 bytes, Stack size unknown bytes, __rtentry.o(.ARM.Collect$$rtentry$$00000000))
<BR><BR>[Called By]<UL><LI><a href="#[47]">&gt;&gt;</a>&nbsp;&nbsp;&nbsp;__scatterload_rt2
<LI><a href="#[44]">&gt;&gt;</a>&nbsp;&nbsp;&nbsp;__main
</UL>

<P><STRONG><a name="[b7]"></a>__rt_entry_presh_1</STRONG> (Thumb, 0 bytes, Stack size unknown bytes, __rtentry2.o(.ARM.Collect$$rtentry$$00000002))

<P><STRONG><a name="[49]"></a>__rt_entry_sh</STRONG> (Thumb, 0 bytes, Stack size unknown bytes, __rtentry4.o(.ARM.Collect$$rtentry$$00000004))
<BR><BR>[Stack]<UL><LI>Max Depth = 8 + Unknown Stack Size
<LI>Call Chain = __rt_entry_sh &rArr; __user_setup_stackheap
</UL>
<BR>[Calls]<UL><LI><a href="#[4a]">&gt;&gt;</a>&nbsp;&nbsp;&nbsp;__user_setup_stackheap
</UL>

<P><STRONG><a name="[4b]"></a>__rt_entry_li</STRONG> (Thumb, 0 bytes, Stack size unknown bytes, __rtentry2.o(.ARM.Collect$$rtentry$$0000000A))
<BR><BR>[Calls]<UL><LI><a href="#[4c]">&gt;&gt;</a>&nbsp;&nbsp;&nbsp;__rt_lib_init
</UL>

<P><STRONG><a name="[b8]"></a>__rt_entry_postsh_1</STRONG> (Thumb, 0 bytes, Stack size unknown bytes, __rtentry2.o(.ARM.Collect$$rtentry$$00000009))

<P><STRONG><a name="[4d]"></a>__rt_entry_main</STRONG> (Thumb, 0 bytes, Stack size unknown bytes, __rtentry2.o(.ARM.Collect$$rtentry$$0000000D))
<BR><BR>[Stack]<UL><LI>Max Depth = 444 + Unknown Stack Size
<LI>Call Chain = __rt_entry_main &rArr; main &rArr; u8g2_DrawRBox &rArr; u8g2_DrawDisc &rArr; u8g2_draw_disc &rArr; u8g2_draw_disc_section &rArr; u8g2_DrawVLine &rArr; u8g2_DrawHVLine &rArr; u8g2_clip_intersection2
</UL>
<BR>[Calls]<UL><LI><a href="#[4f]">&gt;&gt;</a>&nbsp;&nbsp;&nbsp;exit
<LI><a href="#[4e]">&gt;&gt;</a>&nbsp;&nbsp;&nbsp;main
</UL>

<P><STRONG><a name="[b9]"></a>__rt_entry_postli_1</STRONG> (Thumb, 0 bytes, Stack size unknown bytes, __rtentry2.o(.ARM.Collect$$rtentry$$0000000C))

<P><STRONG><a name="[56]"></a>__rt_exit</STRONG> (Thumb, 0 bytes, Stack size unknown bytes, rtexit.o(.ARM.Collect$$rtexit$$00000000))
<BR><BR>[Called By]<UL><LI><a href="#[4f]">&gt;&gt;</a>&nbsp;&nbsp;&nbsp;exit
</UL>

<P><STRONG><a name="[50]"></a>__rt_exit_ls</STRONG> (Thumb, 0 bytes, Stack size unknown bytes, rtexit2.o(.ARM.Collect$$rtexit$$00000003))
<BR><BR>[Calls]<UL><LI><a href="#[51]">&gt;&gt;</a>&nbsp;&nbsp;&nbsp;__rt_lib_shutdown
</UL>

<P><STRONG><a name="[ba]"></a>__rt_exit_prels_1</STRONG> (Thumb, 0 bytes, Stack size unknown bytes, rtexit2.o(.ARM.Collect$$rtexit$$00000002))

<P><STRONG><a name="[52]"></a>__rt_exit_exit</STRONG> (Thumb, 0 bytes, Stack size unknown bytes, rtexit2.o(.ARM.Collect$$rtexit$$00000004))
<BR><BR>[Calls]<UL><LI><a href="#[53]">&gt;&gt;</a>&nbsp;&nbsp;&nbsp;_sys_exit
</UL>

<P><STRONG><a name="[3]"></a>Reset_Handler</STRONG> (Thumb, 8 bytes, Stack size 0 bytes, startup_stm32f10x_md.o(.text))
<BR>[Address Reference Count : 1]<UL><LI> startup_stm32f10x_md.o(RESET)
</UL>
<P><STRONG><a name="[1f]"></a>ADC1_2_IRQHandler</STRONG> (Thumb, 0 bytes, Stack size 0 bytes, startup_stm32f10x_md.o(.text))
<BR><BR>[Calls]<UL><LI><a href="#[1f]">&gt;&gt;</a>&nbsp;&nbsp;&nbsp;ADC1_2_IRQHandler
</UL>
<BR>[Called By]<UL><LI><a href="#[1f]">&gt;&gt;</a>&nbsp;&nbsp;&nbsp;ADC1_2_IRQHandler
</UL>
<BR>[Address Reference Count : 1]<UL><LI> startup_stm32f10x_md.o(RESET)
</UL>
<P><STRONG><a name="[22]"></a>CAN1_RX1_IRQHandler</STRONG> (Thumb, 0 bytes, Stack size 0 bytes, startup_stm32f10x_md.o(.text))
<BR>[Address Reference Count : 1]<UL><LI> startup_stm32f10x_md.o(RESET)
</UL>
<P><STRONG><a name="[23]"></a>CAN1_SCE_IRQHandler</STRONG> (Thumb, 0 bytes, Stack size 0 bytes, startup_stm32f10x_md.o(.text))
<BR>[Address Reference Count : 1]<UL><LI> startup_stm32f10x_md.o(RESET)
</UL>
<P><STRONG><a name="[18]"></a>DMA1_Channel1_IRQHandler</STRONG> (Thumb, 0 bytes, Stack size 0 bytes, startup_stm32f10x_md.o(.text))
<BR>[Address Reference Count : 1]<UL><LI> startup_stm32f10x_md.o(RESET)
</UL>
<P><STRONG><a name="[19]"></a>DMA1_Channel2_IRQHandler</STRONG> (Thumb, 0 bytes, Stack size 0 bytes, startup_stm32f10x_md.o(.text))
<BR>[Address Reference Count : 1]<UL><LI> startup_stm32f10x_md.o(RESET)
</UL>
<P><STRONG><a name="[1a]"></a>DMA1_Channel3_IRQHandler</STRONG> (Thumb, 0 bytes, Stack size 0 bytes, startup_stm32f10x_md.o(.text))
<BR>[Address Reference Count : 1]<UL><LI> startup_stm32f10x_md.o(RESET)
</UL>
<P><STRONG><a name="[1b]"></a>DMA1_Channel4_IRQHandler</STRONG> (Thumb, 0 bytes, Stack size 0 bytes, startup_stm32f10x_md.o(.text))
<BR>[Address Reference Count : 1]<UL><LI> startup_stm32f10x_md.o(RESET)
</UL>
<P><STRONG><a name="[1c]"></a>DMA1_Channel5_IRQHandler</STRONG> (Thumb, 0 bytes, Stack size 0 bytes, startup_stm32f10x_md.o(.text))
<BR>[Address Reference Count : 1]<UL><LI> startup_stm32f10x_md.o(RESET)
</UL>
<P><STRONG><a name="[1d]"></a>DMA1_Channel6_IRQHandler</STRONG> (Thumb, 0 bytes, Stack size 0 bytes, startup_stm32f10x_md.o(.text))
<BR>[Address Reference Count : 1]<UL><LI> startup_stm32f10x_md.o(RESET)
</UL>
<P><STRONG><a name="[1e]"></a>DMA1_Channel7_IRQHandler</STRONG> (Thumb, 0 bytes, Stack size 0 bytes, startup_stm32f10x_md.o(.text))
<BR>[Address Reference Count : 1]<UL><LI> startup_stm32f10x_md.o(RESET)
</UL>
<P><STRONG><a name="[13]"></a>EXTI0_IRQHandler</STRONG> (Thumb, 0 bytes, Stack size 0 bytes, startup_stm32f10x_md.o(.text))
<BR>[Address Reference Count : 1]<UL><LI> startup_stm32f10x_md.o(RESET)
</UL>
<P><STRONG><a name="[35]"></a>EXTI15_10_IRQHandler</STRONG> (Thumb, 0 bytes, Stack size 0 bytes, startup_stm32f10x_md.o(.text))
<BR>[Address Reference Count : 1]<UL><LI> startup_stm32f10x_md.o(RESET)
</UL>
<P><STRONG><a name="[14]"></a>EXTI1_IRQHandler</STRONG> (Thumb, 0 bytes, Stack size 0 bytes, startup_stm32f10x_md.o(.text))
<BR>[Address Reference Count : 1]<UL><LI> startup_stm32f10x_md.o(RESET)
</UL>
<P><STRONG><a name="[15]"></a>EXTI2_IRQHandler</STRONG> (Thumb, 0 bytes, Stack size 0 bytes, startup_stm32f10x_md.o(.text))
<BR>[Address Reference Count : 1]<UL><LI> startup_stm32f10x_md.o(RESET)
</UL>
<P><STRONG><a name="[16]"></a>EXTI3_IRQHandler</STRONG> (Thumb, 0 bytes, Stack size 0 bytes, startup_stm32f10x_md.o(.text))
<BR>[Address Reference Count : 1]<UL><LI> startup_stm32f10x_md.o(RESET)
</UL>
<P><STRONG><a name="[17]"></a>EXTI4_IRQHandler</STRONG> (Thumb, 0 bytes, Stack size 0 bytes, startup_stm32f10x_md.o(.text))
<BR>[Address Reference Count : 1]<UL><LI> startup_stm32f10x_md.o(RESET)
</UL>
<P><STRONG><a name="[24]"></a>EXTI9_5_IRQHandler</STRONG> (Thumb, 0 bytes, Stack size 0 bytes, startup_stm32f10x_md.o(.text))
<BR>[Address Reference Count : 1]<UL><LI> startup_stm32f10x_md.o(RESET)
</UL>
<P><STRONG><a name="[11]"></a>FLASH_IRQHandler</STRONG> (Thumb, 0 bytes, Stack size 0 bytes, startup_stm32f10x_md.o(.text))
<BR>[Address Reference Count : 1]<UL><LI> startup_stm32f10x_md.o(RESET)
</UL>
<P><STRONG><a name="[2d]"></a>I2C1_ER_IRQHandler</STRONG> (Thumb, 0 bytes, Stack size 0 bytes, startup_stm32f10x_md.o(.text))
<BR>[Address Reference Count : 1]<UL><LI> startup_stm32f10x_md.o(RESET)
</UL>
<P><STRONG><a name="[2c]"></a>I2C1_EV_IRQHandler</STRONG> (Thumb, 0 bytes, Stack size 0 bytes, startup_stm32f10x_md.o(.text))
<BR>[Address Reference Count : 1]<UL><LI> startup_stm32f10x_md.o(RESET)
</UL>
<P><STRONG><a name="[2f]"></a>I2C2_ER_IRQHandler</STRONG> (Thumb, 0 bytes, Stack size 0 bytes, startup_stm32f10x_md.o(.text))
<BR>[Address Reference Count : 1]<UL><LI> startup_stm32f10x_md.o(RESET)
</UL>
<P><STRONG><a name="[2e]"></a>I2C2_EV_IRQHandler</STRONG> (Thumb, 0 bytes, Stack size 0 bytes, startup_stm32f10x_md.o(.text))
<BR>[Address Reference Count : 1]<UL><LI> startup_stm32f10x_md.o(RESET)
</UL>
<P><STRONG><a name="[e]"></a>PVD_IRQHandler</STRONG> (Thumb, 0 bytes, Stack size 0 bytes, startup_stm32f10x_md.o(.text))
<BR>[Address Reference Count : 1]<UL><LI> startup_stm32f10x_md.o(RESET)
</UL>
<P><STRONG><a name="[12]"></a>RCC_IRQHandler</STRONG> (Thumb, 0 bytes, Stack size 0 bytes, startup_stm32f10x_md.o(.text))
<BR>[Address Reference Count : 1]<UL><LI> startup_stm32f10x_md.o(RESET)
</UL>
<P><STRONG><a name="[36]"></a>RTCAlarm_IRQHandler</STRONG> (Thumb, 0 bytes, Stack size 0 bytes, startup_stm32f10x_md.o(.text))
<BR>[Address Reference Count : 1]<UL><LI> startup_stm32f10x_md.o(RESET)
</UL>
<P><STRONG><a name="[10]"></a>RTC_IRQHandler</STRONG> (Thumb, 0 bytes, Stack size 0 bytes, startup_stm32f10x_md.o(.text))
<BR>[Address Reference Count : 1]<UL><LI> startup_stm32f10x_md.o(RESET)
</UL>
<P><STRONG><a name="[30]"></a>SPI1_IRQHandler</STRONG> (Thumb, 0 bytes, Stack size 0 bytes, startup_stm32f10x_md.o(.text))
<BR>[Address Reference Count : 1]<UL><LI> startup_stm32f10x_md.o(RESET)
</UL>
<P><STRONG><a name="[31]"></a>SPI2_IRQHandler</STRONG> (Thumb, 0 bytes, Stack size 0 bytes, startup_stm32f10x_md.o(.text))
<BR>[Address Reference Count : 1]<UL><LI> startup_stm32f10x_md.o(RESET)
</UL>
<P><STRONG><a name="[f]"></a>TAMPER_IRQHandler</STRONG> (Thumb, 0 bytes, Stack size 0 bytes, startup_stm32f10x_md.o(.text))
<BR>[Address Reference Count : 1]<UL><LI> startup_stm32f10x_md.o(RESET)
</UL>
<P><STRONG><a name="[25]"></a>TIM1_BRK_IRQHandler</STRONG> (Thumb, 0 bytes, Stack size 0 bytes, startup_stm32f10x_md.o(.text))
<BR>[Address Reference Count : 1]<UL><LI> startup_stm32f10x_md.o(RESET)
</UL>
<P><STRONG><a name="[28]"></a>TIM1_CC_IRQHandler</STRONG> (Thumb, 0 bytes, Stack size 0 bytes, startup_stm32f10x_md.o(.text))
<BR>[Address Reference Count : 1]<UL><LI> startup_stm32f10x_md.o(RESET)
</UL>
<P><STRONG><a name="[27]"></a>TIM1_TRG_COM_IRQHandler</STRONG> (Thumb, 0 bytes, Stack size 0 bytes, startup_stm32f10x_md.o(.text))
<BR>[Address Reference Count : 1]<UL><LI> startup_stm32f10x_md.o(RESET)
</UL>
<P><STRONG><a name="[26]"></a>TIM1_UP_IRQHandler</STRONG> (Thumb, 0 bytes, Stack size 0 bytes, startup_stm32f10x_md.o(.text))
<BR>[Address Reference Count : 1]<UL><LI> startup_stm32f10x_md.o(RESET)
</UL>
<P><STRONG><a name="[29]"></a>TIM2_IRQHandler</STRONG> (Thumb, 0 bytes, Stack size 0 bytes, startup_stm32f10x_md.o(.text))
<BR>[Address Reference Count : 1]<UL><LI> startup_stm32f10x_md.o(RESET)
</UL>
<P><STRONG><a name="[2a]"></a>TIM3_IRQHandler</STRONG> (Thumb, 0 bytes, Stack size 0 bytes, startup_stm32f10x_md.o(.text))
<BR>[Address Reference Count : 1]<UL><LI> startup_stm32f10x_md.o(RESET)
</UL>
<P><STRONG><a name="[2b]"></a>TIM4_IRQHandler</STRONG> (Thumb, 0 bytes, Stack size 0 bytes, startup_stm32f10x_md.o(.text))
<BR>[Address Reference Count : 1]<UL><LI> startup_stm32f10x_md.o(RESET)
</UL>
<P><STRONG><a name="[32]"></a>USART1_IRQHandler</STRONG> (Thumb, 0 bytes, Stack size 0 bytes, startup_stm32f10x_md.o(.text))
<BR>[Address Reference Count : 1]<UL><LI> startup_stm32f10x_md.o(RESET)
</UL>
<P><STRONG><a name="[33]"></a>USART2_IRQHandler</STRONG> (Thumb, 0 bytes, Stack size 0 bytes, startup_stm32f10x_md.o(.text))
<BR>[Address Reference Count : 1]<UL><LI> startup_stm32f10x_md.o(RESET)
</UL>
<P><STRONG><a name="[34]"></a>USART3_IRQHandler</STRONG> (Thumb, 0 bytes, Stack size 0 bytes, startup_stm32f10x_md.o(.text))
<BR>[Address Reference Count : 1]<UL><LI> startup_stm32f10x_md.o(RESET)
</UL>
<P><STRONG><a name="[37]"></a>USBWakeUp_IRQHandler</STRONG> (Thumb, 0 bytes, Stack size 0 bytes, startup_stm32f10x_md.o(.text))
<BR>[Address Reference Count : 1]<UL><LI> startup_stm32f10x_md.o(RESET)
</UL>
<P><STRONG><a name="[20]"></a>USB_HP_CAN1_TX_IRQHandler</STRONG> (Thumb, 0 bytes, Stack size 0 bytes, startup_stm32f10x_md.o(.text))
<BR>[Address Reference Count : 1]<UL><LI> startup_stm32f10x_md.o(RESET)
</UL>
<P><STRONG><a name="[21]"></a>USB_LP_CAN1_RX0_IRQHandler</STRONG> (Thumb, 0 bytes, Stack size 0 bytes, startup_stm32f10x_md.o(.text))
<BR>[Address Reference Count : 1]<UL><LI> startup_stm32f10x_md.o(RESET)
</UL>
<P><STRONG><a name="[d]"></a>WWDG_IRQHandler</STRONG> (Thumb, 0 bytes, Stack size 0 bytes, startup_stm32f10x_md.o(.text))
<BR>[Address Reference Count : 1]<UL><LI> startup_stm32f10x_md.o(RESET)
</UL>
<P><STRONG><a name="[55]"></a>__user_initial_stackheap</STRONG> (Thumb, 0 bytes, Stack size unknown bytes, startup_stm32f10x_md.o(.text))
<BR><BR>[Called By]<UL><LI><a href="#[4a]">&gt;&gt;</a>&nbsp;&nbsp;&nbsp;__user_setup_stackheap
</UL>

<P><STRONG><a name="[bb]"></a>__use_two_region_memory</STRONG> (Thumb, 2 bytes, Stack size 0 bytes, heapauxi.o(.text), UNUSED)

<P><STRONG><a name="[bc]"></a>__rt_heap_escrow$2region</STRONG> (Thumb, 2 bytes, Stack size 0 bytes, heapauxi.o(.text), UNUSED)

<P><STRONG><a name="[bd]"></a>__rt_heap_expand$2region</STRONG> (Thumb, 2 bytes, Stack size 0 bytes, heapauxi.o(.text), UNUSED)

<P><STRONG><a name="[4a]"></a>__user_setup_stackheap</STRONG> (Thumb, 74 bytes, Stack size 8 bytes, sys_stackheap_outer.o(.text))
<BR><BR>[Stack]<UL><LI>Max Depth = 8 + Unknown Stack Size
<LI>Call Chain = __user_setup_stackheap
</UL>
<BR>[Calls]<UL><LI><a href="#[55]">&gt;&gt;</a>&nbsp;&nbsp;&nbsp;__user_initial_stackheap
<LI><a href="#[54]">&gt;&gt;</a>&nbsp;&nbsp;&nbsp;__user_perproc_libspace
</UL>
<BR>[Called By]<UL><LI><a href="#[49]">&gt;&gt;</a>&nbsp;&nbsp;&nbsp;__rt_entry_sh
</UL>

<P><STRONG><a name="[4f]"></a>exit</STRONG> (Thumb, 18 bytes, Stack size 8 bytes, exit.o(.text))
<BR><BR>[Stack]<UL><LI>Max Depth = 8 + Unknown Stack Size
<LI>Call Chain = exit
</UL>
<BR>[Calls]<UL><LI><a href="#[56]">&gt;&gt;</a>&nbsp;&nbsp;&nbsp;__rt_exit
</UL>
<BR>[Called By]<UL><LI><a href="#[4d]">&gt;&gt;</a>&nbsp;&nbsp;&nbsp;__rt_entry_main
</UL>

<P><STRONG><a name="[be]"></a>__user_libspace</STRONG> (Thumb, 8 bytes, Stack size 0 bytes, libspace.o(.text), UNUSED)

<P><STRONG><a name="[54]"></a>__user_perproc_libspace</STRONG> (Thumb, 0 bytes, Stack size 0 bytes, libspace.o(.text))
<BR><BR>[Called By]<UL><LI><a href="#[4a]">&gt;&gt;</a>&nbsp;&nbsp;&nbsp;__user_setup_stackheap
</UL>

<P><STRONG><a name="[bf]"></a>__user_perthread_libspace</STRONG> (Thumb, 0 bytes, Stack size 0 bytes, libspace.o(.text), UNUSED)

<P><STRONG><a name="[53]"></a>_sys_exit</STRONG> (Thumb, 8 bytes, Stack size 0 bytes, sys_exit.o(.text))
<BR><BR>[Called By]<UL><LI><a href="#[52]">&gt;&gt;</a>&nbsp;&nbsp;&nbsp;__rt_exit_exit
</UL>

<P><STRONG><a name="[c0]"></a>__I$use$semihosting</STRONG> (Thumb, 0 bytes, Stack size 0 bytes, use_no_semi.o(.text), UNUSED)

<P><STRONG><a name="[c1]"></a>__use_no_semihosting_swi</STRONG> (Thumb, 2 bytes, Stack size 0 bytes, use_no_semi.o(.text), UNUSED)

<P><STRONG><a name="[7]"></a>BusFault_Handler</STRONG> (Thumb, 2 bytes, Stack size 0 bytes, stm32f10x_it.o(i.BusFault_Handler))
<BR><BR>[Calls]<UL><LI><a href="#[7]">&gt;&gt;</a>&nbsp;&nbsp;&nbsp;BusFault_Handler
</UL>
<BR>[Called By]<UL><LI><a href="#[7]">&gt;&gt;</a>&nbsp;&nbsp;&nbsp;BusFault_Handler
</UL>
<BR>[Address Reference Count : 1]<UL><LI> startup_stm32f10x_md.o(RESET)
</UL>
<P><STRONG><a name="[c2]"></a>__semihosting_library_function</STRONG> (Thumb, 0 bytes, Stack size 0 bytes, indicate_semi.o(.text), UNUSED)

<P><STRONG><a name="[a]"></a>DebugMon_Handler</STRONG> (Thumb, 2 bytes, Stack size 0 bytes, stm32f10x_it.o(i.DebugMon_Handler))
<BR>[Address Reference Count : 1]<UL><LI> startup_stm32f10x_md.o(RESET)
</UL>
<P><STRONG><a name="[57]"></a>Delay_ms</STRONG> (Thumb, 22 bytes, Stack size 4 bytes, delay.o(i.Delay_ms))
<BR><BR>[Stack]<UL><LI>Max Depth = 4<LI>Call Chain = Delay_ms
</UL>
<BR>[Calls]<UL><LI><a href="#[58]">&gt;&gt;</a>&nbsp;&nbsp;&nbsp;Delay_us
</UL>
<BR>[Called By]<UL><LI><a href="#[3a]">&gt;&gt;</a>&nbsp;&nbsp;&nbsp;u8g2_gpio_and_delay_stm32
</UL>

<P><STRONG><a name="[58]"></a>Delay_us</STRONG> (Thumb, 32 bytes, Stack size 0 bytes, delay.o(i.Delay_us))
<BR><BR>[Called By]<UL><LI><a href="#[57]">&gt;&gt;</a>&nbsp;&nbsp;&nbsp;Delay_ms
<LI><a href="#[3a]">&gt;&gt;</a>&nbsp;&nbsp;&nbsp;u8g2_gpio_and_delay_stm32
</UL>

<P><STRONG><a name="[61]"></a>GPIO_Init</STRONG> (Thumb, 162 bytes, Stack size 20 bytes, stm32f10x_gpio.o(i.GPIO_Init))
<BR><BR>[Stack]<UL><LI>Max Depth = 20<LI>Call Chain = GPIO_Init
</UL>
<BR>[Called By]<UL><LI><a href="#[63]">&gt;&gt;</a>&nbsp;&nbsp;&nbsp;OLED12864_IoInit
<LI><a href="#[5f]">&gt;&gt;</a>&nbsp;&nbsp;&nbsp;Key_Init
<LI><a href="#[62]">&gt;&gt;</a>&nbsp;&nbsp;&nbsp;LED_Init
</UL>

<P><STRONG><a name="[5c]"></a>GPIO_ResetBits</STRONG> (Thumb, 4 bytes, Stack size 0 bytes, stm32f10x_gpio.o(i.GPIO_ResetBits))
<BR><BR>[Called By]<UL><LI><a href="#[5e]">&gt;&gt;</a>&nbsp;&nbsp;&nbsp;IIC_OLED_SDA_LOW
<LI><a href="#[5b]">&gt;&gt;</a>&nbsp;&nbsp;&nbsp;IIC_OLED_SCL_LOW
</UL>

<P><STRONG><a name="[5a]"></a>GPIO_SetBits</STRONG> (Thumb, 4 bytes, Stack size 0 bytes, stm32f10x_gpio.o(i.GPIO_SetBits))
<BR><BR>[Called By]<UL><LI><a href="#[5d]">&gt;&gt;</a>&nbsp;&nbsp;&nbsp;IIC_OLED_SDA_HIGH
<LI><a href="#[59]">&gt;&gt;</a>&nbsp;&nbsp;&nbsp;IIC_OLED_SCL_HIGH
<LI><a href="#[62]">&gt;&gt;</a>&nbsp;&nbsp;&nbsp;LED_Init
</UL>

<P><STRONG><a name="[5]"></a>HardFault_Handler</STRONG> (Thumb, 2 bytes, Stack size 0 bytes, stm32f10x_it.o(i.HardFault_Handler))
<BR><BR>[Calls]<UL><LI><a href="#[5]">&gt;&gt;</a>&nbsp;&nbsp;&nbsp;HardFault_Handler
</UL>
<BR>[Called By]<UL><LI><a href="#[5]">&gt;&gt;</a>&nbsp;&nbsp;&nbsp;HardFault_Handler
</UL>
<BR>[Address Reference Count : 1]<UL><LI> startup_stm32f10x_md.o(RESET)
</UL>
<P><STRONG><a name="[59]"></a>IIC_OLED_SCL_HIGH</STRONG> (Thumb, 10 bytes, Stack size 0 bytes, iic_oled.o(i.IIC_OLED_SCL_HIGH))
<BR><BR>[Calls]<UL><LI><a href="#[5a]">&gt;&gt;</a>&nbsp;&nbsp;&nbsp;GPIO_SetBits
</UL>
<BR>[Called By]<UL><LI><a href="#[3a]">&gt;&gt;</a>&nbsp;&nbsp;&nbsp;u8g2_gpio_and_delay_stm32
</UL>

<P><STRONG><a name="[5b]"></a>IIC_OLED_SCL_LOW</STRONG> (Thumb, 10 bytes, Stack size 0 bytes, iic_oled.o(i.IIC_OLED_SCL_LOW))
<BR><BR>[Calls]<UL><LI><a href="#[5c]">&gt;&gt;</a>&nbsp;&nbsp;&nbsp;GPIO_ResetBits
</UL>
<BR>[Called By]<UL><LI><a href="#[3a]">&gt;&gt;</a>&nbsp;&nbsp;&nbsp;u8g2_gpio_and_delay_stm32
</UL>

<P><STRONG><a name="[5d]"></a>IIC_OLED_SDA_HIGH</STRONG> (Thumb, 10 bytes, Stack size 0 bytes, iic_oled.o(i.IIC_OLED_SDA_HIGH))
<BR><BR>[Calls]<UL><LI><a href="#[5a]">&gt;&gt;</a>&nbsp;&nbsp;&nbsp;GPIO_SetBits
</UL>
<BR>[Called By]<UL><LI><a href="#[3a]">&gt;&gt;</a>&nbsp;&nbsp;&nbsp;u8g2_gpio_and_delay_stm32
</UL>

<P><STRONG><a name="[5e]"></a>IIC_OLED_SDA_LOW</STRONG> (Thumb, 10 bytes, Stack size 0 bytes, iic_oled.o(i.IIC_OLED_SDA_LOW))
<BR><BR>[Calls]<UL><LI><a href="#[5c]">&gt;&gt;</a>&nbsp;&nbsp;&nbsp;GPIO_ResetBits
</UL>
<BR>[Called By]<UL><LI><a href="#[3a]">&gt;&gt;</a>&nbsp;&nbsp;&nbsp;u8g2_gpio_and_delay_stm32
</UL>

<P><STRONG><a name="[5f]"></a>Key_Init</STRONG> (Thumb, 40 bytes, Stack size 8 bytes, key.o(i.Key_Init))
<BR><BR>[Stack]<UL><LI>Max Depth = 28<LI>Call Chain = Key_Init &rArr; GPIO_Init
</UL>
<BR>[Calls]<UL><LI><a href="#[61]">&gt;&gt;</a>&nbsp;&nbsp;&nbsp;GPIO_Init
<LI><a href="#[60]">&gt;&gt;</a>&nbsp;&nbsp;&nbsp;RCC_APB2PeriphClockCmd
</UL>
<BR>[Called By]<UL><LI><a href="#[4e]">&gt;&gt;</a>&nbsp;&nbsp;&nbsp;main
</UL>

<P><STRONG><a name="[62]"></a>LED_Init</STRONG> (Thumb, 52 bytes, Stack size 16 bytes, led.o(i.LED_Init))
<BR><BR>[Stack]<UL><LI>Max Depth = 36<LI>Call Chain = LED_Init &rArr; GPIO_Init
</UL>
<BR>[Calls]<UL><LI><a href="#[5a]">&gt;&gt;</a>&nbsp;&nbsp;&nbsp;GPIO_SetBits
<LI><a href="#[61]">&gt;&gt;</a>&nbsp;&nbsp;&nbsp;GPIO_Init
<LI><a href="#[60]">&gt;&gt;</a>&nbsp;&nbsp;&nbsp;RCC_APB2PeriphClockCmd
</UL>
<BR>[Called By]<UL><LI><a href="#[4e]">&gt;&gt;</a>&nbsp;&nbsp;&nbsp;main
</UL>

<P><STRONG><a name="[6]"></a>MemManage_Handler</STRONG> (Thumb, 2 bytes, Stack size 0 bytes, stm32f10x_it.o(i.MemManage_Handler))
<BR><BR>[Calls]<UL><LI><a href="#[6]">&gt;&gt;</a>&nbsp;&nbsp;&nbsp;MemManage_Handler
</UL>
<BR>[Called By]<UL><LI><a href="#[6]">&gt;&gt;</a>&nbsp;&nbsp;&nbsp;MemManage_Handler
</UL>
<BR>[Address Reference Count : 1]<UL><LI> startup_stm32f10x_md.o(RESET)
</UL>
<P><STRONG><a name="[4]"></a>NMI_Handler</STRONG> (Thumb, 2 bytes, Stack size 0 bytes, stm32f10x_it.o(i.NMI_Handler))
<BR>[Address Reference Count : 1]<UL><LI> startup_stm32f10x_md.o(RESET)
</UL>
<P><STRONG><a name="[63]"></a>OLED12864_IoInit</STRONG> (Thumb, 76 bytes, Stack size 24 bytes, iic_oled.o(i.OLED12864_IoInit))
<BR><BR>[Stack]<UL><LI>Max Depth = 44<LI>Call Chain = OLED12864_IoInit &rArr; GPIO_Init
</UL>
<BR>[Calls]<UL><LI><a href="#[61]">&gt;&gt;</a>&nbsp;&nbsp;&nbsp;GPIO_Init
<LI><a href="#[60]">&gt;&gt;</a>&nbsp;&nbsp;&nbsp;RCC_APB2PeriphClockCmd
</UL>
<BR>[Called By]<UL><LI><a href="#[4e]">&gt;&gt;</a>&nbsp;&nbsp;&nbsp;main
</UL>

<P><STRONG><a name="[b]"></a>PendSV_Handler</STRONG> (Thumb, 2 bytes, Stack size 0 bytes, stm32f10x_it.o(i.PendSV_Handler))
<BR>[Address Reference Count : 1]<UL><LI> startup_stm32f10x_md.o(RESET)
</UL>
<P><STRONG><a name="[60]"></a>RCC_APB2PeriphClockCmd</STRONG> (Thumb, 18 bytes, Stack size 0 bytes, stm32f10x_rcc.o(i.RCC_APB2PeriphClockCmd))
<BR><BR>[Called By]<UL><LI><a href="#[63]">&gt;&gt;</a>&nbsp;&nbsp;&nbsp;OLED12864_IoInit
<LI><a href="#[5f]">&gt;&gt;</a>&nbsp;&nbsp;&nbsp;Key_Init
<LI><a href="#[62]">&gt;&gt;</a>&nbsp;&nbsp;&nbsp;LED_Init
</UL>

<P><STRONG><a name="[9]"></a>SVC_Handler</STRONG> (Thumb, 2 bytes, Stack size 0 bytes, stm32f10x_it.o(i.SVC_Handler))
<BR>[Address Reference Count : 1]<UL><LI> startup_stm32f10x_md.o(RESET)
</UL>
<P><STRONG><a name="[c]"></a>SysTick_Handler</STRONG> (Thumb, 2 bytes, Stack size 0 bytes, stm32f10x_it.o(i.SysTick_Handler))
<BR>[Address Reference Count : 1]<UL><LI> startup_stm32f10x_md.o(RESET)
</UL>
<P><STRONG><a name="[38]"></a>SystemInit</STRONG> (Thumb, 64 bytes, Stack size 8 bytes, system_stm32f10x.o(i.SystemInit))
<BR><BR>[Stack]<UL><LI>Max Depth = 20<LI>Call Chain = SystemInit &rArr; SetSysClockTo72
</UL>
<BR>[Calls]<UL><LI><a href="#[64]">&gt;&gt;</a>&nbsp;&nbsp;&nbsp;SetSysClockTo72
</UL>
<BR>[Address Reference Count : 1]<UL><LI> startup_stm32f10x_md.o(.text)
</UL>
<P><STRONG><a name="[8]"></a>UsageFault_Handler</STRONG> (Thumb, 2 bytes, Stack size 0 bytes, stm32f10x_it.o(i.UsageFault_Handler))
<BR><BR>[Calls]<UL><LI><a href="#[8]">&gt;&gt;</a>&nbsp;&nbsp;&nbsp;UsageFault_Handler
</UL>
<BR>[Called By]<UL><LI><a href="#[8]">&gt;&gt;</a>&nbsp;&nbsp;&nbsp;UsageFault_Handler
</UL>
<BR>[Address Reference Count : 1]<UL><LI> startup_stm32f10x_md.o(RESET)
</UL>
<P><STRONG><a name="[4e]"></a>main</STRONG> (Thumb, 124 bytes, Stack size 160 bytes, main.o(i.main))
<BR><BR>[Stack]<UL><LI>Max Depth = 444<LI>Call Chain = main &rArr; u8g2_DrawRBox &rArr; u8g2_DrawDisc &rArr; u8g2_draw_disc &rArr; u8g2_draw_disc_section &rArr; u8g2_DrawVLine &rArr; u8g2_DrawHVLine &rArr; u8g2_clip_intersection2
</UL>
<BR>[Calls]<UL><LI><a href="#[70]">&gt;&gt;</a>&nbsp;&nbsp;&nbsp;u8g2_SetDrawColor
<LI><a href="#[73]">&gt;&gt;</a>&nbsp;&nbsp;&nbsp;u8g2_SendBuffer
<LI><a href="#[71]">&gt;&gt;</a>&nbsp;&nbsp;&nbsp;u8g2_DrawRBox
<LI><a href="#[72]">&gt;&gt;</a>&nbsp;&nbsp;&nbsp;u8g2_DrawXBMP
<LI><a href="#[63]">&gt;&gt;</a>&nbsp;&nbsp;&nbsp;OLED12864_IoInit
<LI><a href="#[6d]">&gt;&gt;</a>&nbsp;&nbsp;&nbsp;u8g2_Setup_ssd1306_i2c_128x64_noname_f
<LI><a href="#[5f]">&gt;&gt;</a>&nbsp;&nbsp;&nbsp;Key_Init
<LI><a href="#[62]">&gt;&gt;</a>&nbsp;&nbsp;&nbsp;LED_Init
<LI><a href="#[6f]">&gt;&gt;</a>&nbsp;&nbsp;&nbsp;u8x8_SetPowerSave
<LI><a href="#[6e]">&gt;&gt;</a>&nbsp;&nbsp;&nbsp;u8x8_InitDisplay
</UL>
<BR>[Called By]<UL><LI><a href="#[4d]">&gt;&gt;</a>&nbsp;&nbsp;&nbsp;__rt_entry_main
</UL>

<P><STRONG><a name="[74]"></a>u8g2_DrawBox</STRONG> (Thumb, 68 bytes, Stack size 32 bytes, u8g2_box.o(i.u8g2_DrawBox))
<BR><BR>[Stack]<UL><LI>Max Depth = 76<LI>Call Chain = u8g2_DrawBox &rArr; u8g2_DrawHVLine &rArr; u8g2_clip_intersection2
</UL>
<BR>[Calls]<UL><LI><a href="#[75]">&gt;&gt;</a>&nbsp;&nbsp;&nbsp;u8g2_IsIntersection
<LI><a href="#[76]">&gt;&gt;</a>&nbsp;&nbsp;&nbsp;u8g2_DrawHVLine
</UL>
<BR>[Called By]<UL><LI><a href="#[71]">&gt;&gt;</a>&nbsp;&nbsp;&nbsp;u8g2_DrawRBox
</UL>

<P><STRONG><a name="[77]"></a>u8g2_DrawDisc</STRONG> (Thumb, 64 bytes, Stack size 32 bytes, u8g2_circle.o(i.u8g2_DrawDisc))
<BR><BR>[Stack]<UL><LI>Max Depth = 220<LI>Call Chain = u8g2_DrawDisc &rArr; u8g2_draw_disc &rArr; u8g2_draw_disc_section &rArr; u8g2_DrawVLine &rArr; u8g2_DrawHVLine &rArr; u8g2_clip_intersection2
</UL>
<BR>[Calls]<UL><LI><a href="#[75]">&gt;&gt;</a>&nbsp;&nbsp;&nbsp;u8g2_IsIntersection
<LI><a href="#[78]">&gt;&gt;</a>&nbsp;&nbsp;&nbsp;u8g2_draw_disc
</UL>
<BR>[Called By]<UL><LI><a href="#[71]">&gt;&gt;</a>&nbsp;&nbsp;&nbsp;u8g2_DrawRBox
</UL>

<P><STRONG><a name="[76]"></a>u8g2_DrawHVLine</STRONG> (Thumb, 172 bytes, Stack size 32 bytes, u8g2_hvline.o(i.u8g2_DrawHVLine))
<BR><BR>[Stack]<UL><LI>Max Depth = 44<LI>Call Chain = u8g2_DrawHVLine &rArr; u8g2_clip_intersection2
</UL>
<BR>[Calls]<UL><LI><a href="#[79]">&gt;&gt;</a>&nbsp;&nbsp;&nbsp;u8g2_clip_intersection2
</UL>
<BR>[Called By]<UL><LI><a href="#[7b]">&gt;&gt;</a>&nbsp;&nbsp;&nbsp;u8g2_DrawVLine
<LI><a href="#[7a]">&gt;&gt;</a>&nbsp;&nbsp;&nbsp;u8g2_DrawHXBMP
<LI><a href="#[74]">&gt;&gt;</a>&nbsp;&nbsp;&nbsp;u8g2_DrawBox
</UL>

<P><STRONG><a name="[7a]"></a>u8g2_DrawHXBMP</STRONG> (Thumb, 148 bytes, Stack size 56 bytes, u8g2_bitmap.o(i.u8g2_DrawHXBMP))
<BR><BR>[Stack]<UL><LI>Max Depth = 100<LI>Call Chain = u8g2_DrawHXBMP &rArr; u8g2_DrawHVLine &rArr; u8g2_clip_intersection2
</UL>
<BR>[Calls]<UL><LI><a href="#[75]">&gt;&gt;</a>&nbsp;&nbsp;&nbsp;u8g2_IsIntersection
<LI><a href="#[76]">&gt;&gt;</a>&nbsp;&nbsp;&nbsp;u8g2_DrawHVLine
</UL>
<BR>[Called By]<UL><LI><a href="#[72]">&gt;&gt;</a>&nbsp;&nbsp;&nbsp;u8g2_DrawXBMP
</UL>

<P><STRONG><a name="[71]"></a>u8g2_DrawRBox</STRONG> (Thumb, 230 bytes, Stack size 64 bytes, u8g2_box.o(i.u8g2_DrawRBox))
<BR><BR>[Stack]<UL><LI>Max Depth = 284<LI>Call Chain = u8g2_DrawRBox &rArr; u8g2_DrawDisc &rArr; u8g2_draw_disc &rArr; u8g2_draw_disc_section &rArr; u8g2_DrawVLine &rArr; u8g2_DrawHVLine &rArr; u8g2_clip_intersection2
</UL>
<BR>[Calls]<UL><LI><a href="#[77]">&gt;&gt;</a>&nbsp;&nbsp;&nbsp;u8g2_DrawDisc
<LI><a href="#[75]">&gt;&gt;</a>&nbsp;&nbsp;&nbsp;u8g2_IsIntersection
<LI><a href="#[74]">&gt;&gt;</a>&nbsp;&nbsp;&nbsp;u8g2_DrawBox
</UL>
<BR>[Called By]<UL><LI><a href="#[4e]">&gt;&gt;</a>&nbsp;&nbsp;&nbsp;main
</UL>

<P><STRONG><a name="[7b]"></a>u8g2_DrawVLine</STRONG> (Thumb, 12 bytes, Stack size 16 bytes, u8g2_hvline.o(i.u8g2_DrawVLine))
<BR><BR>[Stack]<UL><LI>Max Depth = 60<LI>Call Chain = u8g2_DrawVLine &rArr; u8g2_DrawHVLine &rArr; u8g2_clip_intersection2
</UL>
<BR>[Calls]<UL><LI><a href="#[76]">&gt;&gt;</a>&nbsp;&nbsp;&nbsp;u8g2_DrawHVLine
</UL>
<BR>[Called By]<UL><LI><a href="#[85]">&gt;&gt;</a>&nbsp;&nbsp;&nbsp;u8g2_draw_disc_section
</UL>

<P><STRONG><a name="[72]"></a>u8g2_DrawXBMP</STRONG> (Thumb, 76 bytes, Stack size 40 bytes, u8g2_bitmap.o(i.u8g2_DrawXBMP))
<BR><BR>[Stack]<UL><LI>Max Depth = 140<LI>Call Chain = u8g2_DrawXBMP &rArr; u8g2_DrawHXBMP &rArr; u8g2_DrawHVLine &rArr; u8g2_clip_intersection2
</UL>
<BR>[Calls]<UL><LI><a href="#[75]">&gt;&gt;</a>&nbsp;&nbsp;&nbsp;u8g2_IsIntersection
<LI><a href="#[7a]">&gt;&gt;</a>&nbsp;&nbsp;&nbsp;u8g2_DrawHXBMP
</UL>
<BR>[Called By]<UL><LI><a href="#[4e]">&gt;&gt;</a>&nbsp;&nbsp;&nbsp;main
</UL>

<P><STRONG><a name="[75]"></a>u8g2_IsIntersection</STRONG> (Thumb, 48 bytes, Stack size 16 bytes, u8g2_intersection.o(i.u8g2_IsIntersection))
<BR><BR>[Stack]<UL><LI>Max Depth = 16<LI>Call Chain = u8g2_IsIntersection
</UL>
<BR>[Calls]<UL><LI><a href="#[7c]">&gt;&gt;</a>&nbsp;&nbsp;&nbsp;u8g2_is_intersection_decision_tree
</UL>
<BR>[Called By]<UL><LI><a href="#[77]">&gt;&gt;</a>&nbsp;&nbsp;&nbsp;u8g2_DrawDisc
<LI><a href="#[71]">&gt;&gt;</a>&nbsp;&nbsp;&nbsp;u8g2_DrawRBox
<LI><a href="#[72]">&gt;&gt;</a>&nbsp;&nbsp;&nbsp;u8g2_DrawXBMP
<LI><a href="#[7a]">&gt;&gt;</a>&nbsp;&nbsp;&nbsp;u8g2_DrawHXBMP
<LI><a href="#[74]">&gt;&gt;</a>&nbsp;&nbsp;&nbsp;u8g2_DrawBox
<LI><a href="#[84]">&gt;&gt;</a>&nbsp;&nbsp;&nbsp;u8g2_apply_clip_window
</UL>

<P><STRONG><a name="[73]"></a>u8g2_SendBuffer</STRONG> (Thumb, 18 bytes, Stack size 8 bytes, u8g2_buffer.o(i.u8g2_SendBuffer))
<BR><BR>[Stack]<UL><LI>Max Depth = 56<LI>Call Chain = u8g2_SendBuffer &rArr; u8g2_send_buffer &rArr; u8x8_DrawTile
</UL>
<BR>[Calls]<UL><LI><a href="#[7e]">&gt;&gt;</a>&nbsp;&nbsp;&nbsp;u8x8_RefreshDisplay
<LI><a href="#[7d]">&gt;&gt;</a>&nbsp;&nbsp;&nbsp;u8g2_send_buffer
</UL>
<BR>[Called By]<UL><LI><a href="#[4e]">&gt;&gt;</a>&nbsp;&nbsp;&nbsp;main
</UL>

<P><STRONG><a name="[70]"></a>u8g2_SetDrawColor</STRONG> (Thumb, 16 bytes, Stack size 0 bytes, u8g2_hvline.o(i.u8g2_SetDrawColor))
<BR><BR>[Called By]<UL><LI><a href="#[4e]">&gt;&gt;</a>&nbsp;&nbsp;&nbsp;main
</UL>

<P><STRONG><a name="[81]"></a>u8g2_SetFontPosBaseline</STRONG> (Thumb, 6 bytes, Stack size 0 bytes, u8g2_font.o(i.u8g2_SetFontPosBaseline))
<BR><BR>[Called By]<UL><LI><a href="#[7f]">&gt;&gt;</a>&nbsp;&nbsp;&nbsp;u8g2_SetupBuffer
</UL>

<P><STRONG><a name="[80]"></a>u8g2_SetMaxClipWindow</STRONG> (Thumb, 28 bytes, Stack size 0 bytes, u8g2_setup.o(i.u8g2_SetMaxClipWindow))
<BR><BR>[Called By]<UL><LI><a href="#[7f]">&gt;&gt;</a>&nbsp;&nbsp;&nbsp;u8g2_SetupBuffer
</UL>

<P><STRONG><a name="[7f]"></a>u8g2_SetupBuffer</STRONG> (Thumb, 70 bytes, Stack size 16 bytes, u8g2_setup.o(i.u8g2_SetupBuffer))
<BR><BR>[Stack]<UL><LI>Max Depth = 16<LI>Call Chain = u8g2_SetupBuffer
</UL>
<BR>[Calls]<UL><LI><a href="#[81]">&gt;&gt;</a>&nbsp;&nbsp;&nbsp;u8g2_SetFontPosBaseline
<LI><a href="#[80]">&gt;&gt;</a>&nbsp;&nbsp;&nbsp;u8g2_SetMaxClipWindow
</UL>
<BR>[Called By]<UL><LI><a href="#[6d]">&gt;&gt;</a>&nbsp;&nbsp;&nbsp;u8g2_Setup_ssd1306_i2c_128x64_noname_f
</UL>

<P><STRONG><a name="[6d]"></a>u8g2_Setup_ssd1306_i2c_128x64_noname_f</STRONG> (Thumb, 42 bytes, Stack size 24 bytes, u8g2_d_setup.o(i.u8g2_Setup_ssd1306_i2c_128x64_noname_f))
<BR><BR>[Stack]<UL><LI>Max Depth = 56<LI>Call Chain = u8g2_Setup_ssd1306_i2c_128x64_noname_f &rArr; u8x8_Setup &rArr; u8x8_SetupMemory
</UL>
<BR>[Calls]<UL><LI><a href="#[82]">&gt;&gt;</a>&nbsp;&nbsp;&nbsp;u8x8_Setup
<LI><a href="#[7f]">&gt;&gt;</a>&nbsp;&nbsp;&nbsp;u8g2_SetupBuffer
<LI><a href="#[83]">&gt;&gt;</a>&nbsp;&nbsp;&nbsp;u8g2_m_16_8_f
</UL>
<BR>[Called By]<UL><LI><a href="#[4e]">&gt;&gt;</a>&nbsp;&nbsp;&nbsp;main
</UL>

<P><STRONG><a name="[86]"></a>u8g2_draw_hv_line_2dir</STRONG> (Thumb, 18 bytes, Stack size 16 bytes, u8g2_hvline.o(i.u8g2_draw_hv_line_2dir))
<BR><BR>[Stack]<UL><LI>Max Depth = 16<LI>Call Chain = u8g2_draw_hv_line_2dir
</UL>
<BR>[Called By]<UL><LI><a href="#[43]">&gt;&gt;</a>&nbsp;&nbsp;&nbsp;u8g2_draw_l90_r0
</UL>

<P><STRONG><a name="[43]"></a>u8g2_draw_l90_r0</STRONG> (Thumb, 12 bytes, Stack size 16 bytes, u8g2_setup.o(i.u8g2_draw_l90_r0))
<BR><BR>[Stack]<UL><LI>Max Depth = 32<LI>Call Chain = u8g2_draw_l90_r0 &rArr; u8g2_draw_hv_line_2dir
</UL>
<BR>[Calls]<UL><LI><a href="#[86]">&gt;&gt;</a>&nbsp;&nbsp;&nbsp;u8g2_draw_hv_line_2dir
</UL>
<BR>[Address Reference Count : 1]<UL><LI> u8g2_setup.o(.constdata)
</UL>
<P><STRONG><a name="[3c]"></a>u8g2_font_calc_vref_font</STRONG> (Thumb, 4 bytes, Stack size 0 bytes, u8g2_font.o(i.u8g2_font_calc_vref_font))
<BR>[Address Reference Count : 1]<UL><LI> u8g2_font.o(i.u8g2_SetFontPosBaseline)
</UL>
<P><STRONG><a name="[3a]"></a>u8g2_gpio_and_delay_stm32</STRONG> (Thumb, 80 bytes, Stack size 8 bytes, main.o(i.u8g2_gpio_and_delay_stm32))
<BR><BR>[Stack]<UL><LI>Max Depth = 12<LI>Call Chain = u8g2_gpio_and_delay_stm32 &rArr; Delay_ms
</UL>
<BR>[Calls]<UL><LI><a href="#[5e]">&gt;&gt;</a>&nbsp;&nbsp;&nbsp;IIC_OLED_SDA_LOW
<LI><a href="#[5d]">&gt;&gt;</a>&nbsp;&nbsp;&nbsp;IIC_OLED_SDA_HIGH
<LI><a href="#[5b]">&gt;&gt;</a>&nbsp;&nbsp;&nbsp;IIC_OLED_SCL_LOW
<LI><a href="#[59]">&gt;&gt;</a>&nbsp;&nbsp;&nbsp;IIC_OLED_SCL_HIGH
<LI><a href="#[58]">&gt;&gt;</a>&nbsp;&nbsp;&nbsp;Delay_us
<LI><a href="#[57]">&gt;&gt;</a>&nbsp;&nbsp;&nbsp;Delay_ms
</UL>
<BR>[Address Reference Count : 1]<UL><LI> main.o(i.main)
</UL>
<P><STRONG><a name="[7c]"></a>u8g2_is_intersection_decision_tree</STRONG> (Thumb, 24 bytes, Stack size 0 bytes, u8g2_intersection.o(i.u8g2_is_intersection_decision_tree))
<BR><BR>[Called By]<UL><LI><a href="#[75]">&gt;&gt;</a>&nbsp;&nbsp;&nbsp;u8g2_IsIntersection
</UL>

<P><STRONG><a name="[3f]"></a>u8g2_ll_hvline_vertical_top_lsb</STRONG> (Thumb, 144 bytes, Stack size 20 bytes, u8g2_ll_hvline.o(i.u8g2_ll_hvline_vertical_top_lsb))
<BR><BR>[Stack]<UL><LI>Max Depth = 20<LI>Call Chain = u8g2_ll_hvline_vertical_top_lsb
</UL>
<BR>[Address Reference Count : 1]<UL><LI> u8g2_d_setup.o(i.u8g2_Setup_ssd1306_i2c_128x64_noname_f)
</UL>
<P><STRONG><a name="[83]"></a>u8g2_m_16_8_f</STRONG> (Thumb, 8 bytes, Stack size 0 bytes, u8g2_d_memory.o(i.u8g2_m_16_8_f))
<BR><BR>[Called By]<UL><LI><a href="#[6d]">&gt;&gt;</a>&nbsp;&nbsp;&nbsp;u8g2_Setup_ssd1306_i2c_128x64_noname_f
</UL>

<P><STRONG><a name="[41]"></a>u8g2_update_dimension_r0</STRONG> (Thumb, 4 bytes, Stack size 0 bytes, u8g2_setup.o(i.u8g2_update_dimension_r0))
<BR><BR>[Stack]<UL><LI>Max Depth = 20<LI>Call Chain = u8g2_update_dimension_r0 &rArr; u8g2_update_dimension_common
</UL>
<BR>[Calls]<UL><LI><a href="#[88]">&gt;&gt;</a>&nbsp;&nbsp;&nbsp;u8g2_update_dimension_common
</UL>
<BR>[Address Reference Count : 1]<UL><LI> u8g2_setup.o(.constdata)
</UL>
<P><STRONG><a name="[42]"></a>u8g2_update_page_win_r0</STRONG> (Thumb, 34 bytes, Stack size 0 bytes, u8g2_setup.o(i.u8g2_update_page_win_r0))
<BR><BR>[Stack]<UL><LI>Max Depth = 32<LI>Call Chain = u8g2_update_page_win_r0 &rArr; u8g2_apply_clip_window &rArr; u8g2_IsIntersection
</UL>
<BR>[Calls]<UL><LI><a href="#[84]">&gt;&gt;</a>&nbsp;&nbsp;&nbsp;u8g2_apply_clip_window
</UL>
<BR>[Address Reference Count : 1]<UL><LI> u8g2_setup.o(.constdata)
</UL>
<P><STRONG><a name="[87]"></a>u8x8_DrawTile</STRONG> (Thumb, 30 bytes, Stack size 16 bytes, u8x8_display.o(i.u8x8_DrawTile))
<BR><BR>[Stack]<UL><LI>Max Depth = 16<LI>Call Chain = u8x8_DrawTile
</UL>
<BR>[Called By]<UL><LI><a href="#[7d]">&gt;&gt;</a>&nbsp;&nbsp;&nbsp;u8g2_send_buffer
</UL>

<P><STRONG><a name="[6e]"></a>u8x8_InitDisplay</STRONG> (Thumb, 16 bytes, Stack size 8 bytes, u8x8_display.o(i.u8x8_InitDisplay))
<BR><BR>[Stack]<UL><LI>Max Depth = 8<LI>Call Chain = u8x8_InitDisplay
</UL>
<BR>[Called By]<UL><LI><a href="#[4e]">&gt;&gt;</a>&nbsp;&nbsp;&nbsp;main
</UL>

<P><STRONG><a name="[7e]"></a>u8x8_RefreshDisplay</STRONG> (Thumb, 16 bytes, Stack size 8 bytes, u8x8_display.o(i.u8x8_RefreshDisplay))
<BR><BR>[Stack]<UL><LI>Max Depth = 8<LI>Call Chain = u8x8_RefreshDisplay
</UL>
<BR>[Called By]<UL><LI><a href="#[73]">&gt;&gt;</a>&nbsp;&nbsp;&nbsp;u8g2_SendBuffer
</UL>

<P><STRONG><a name="[6f]"></a>u8x8_SetPowerSave</STRONG> (Thumb, 16 bytes, Stack size 8 bytes, u8x8_display.o(i.u8x8_SetPowerSave))
<BR><BR>[Stack]<UL><LI>Max Depth = 8<LI>Call Chain = u8x8_SetPowerSave
</UL>
<BR>[Called By]<UL><LI><a href="#[4e]">&gt;&gt;</a>&nbsp;&nbsp;&nbsp;main
</UL>

<P><STRONG><a name="[82]"></a>u8x8_Setup</STRONG> (Thumb, 34 bytes, Stack size 24 bytes, u8x8_setup.o(i.u8x8_Setup))
<BR><BR>[Stack]<UL><LI>Max Depth = 32<LI>Call Chain = u8x8_Setup &rArr; u8x8_SetupMemory
</UL>
<BR>[Calls]<UL><LI><a href="#[8a]">&gt;&gt;</a>&nbsp;&nbsp;&nbsp;u8x8_SetupMemory
<LI><a href="#[89]">&gt;&gt;</a>&nbsp;&nbsp;&nbsp;u8x8_SetupDefaults
</UL>
<BR>[Called By]<UL><LI><a href="#[6d]">&gt;&gt;</a>&nbsp;&nbsp;&nbsp;u8g2_Setup_ssd1306_i2c_128x64_noname_f
</UL>

<P><STRONG><a name="[89]"></a>u8x8_SetupDefaults</STRONG> (Thumb, 32 bytes, Stack size 0 bytes, u8x8_setup.o(i.u8x8_SetupDefaults))
<BR><BR>[Called By]<UL><LI><a href="#[82]">&gt;&gt;</a>&nbsp;&nbsp;&nbsp;u8x8_Setup
</UL>

<P><STRONG><a name="[8a]"></a>u8x8_SetupMemory</STRONG> (Thumb, 16 bytes, Stack size 8 bytes, u8x8_display.o(i.u8x8_SetupMemory))
<BR><BR>[Stack]<UL><LI>Max Depth = 8<LI>Call Chain = u8x8_SetupMemory
</UL>
<BR>[Called By]<UL><LI><a href="#[82]">&gt;&gt;</a>&nbsp;&nbsp;&nbsp;u8x8_Setup
</UL>

<P><STRONG><a name="[8d]"></a>u8x8_byte_EndTransfer</STRONG> (Thumb, 16 bytes, Stack size 8 bytes, u8x8_byte.o(i.u8x8_byte_EndTransfer))
<BR><BR>[Stack]<UL><LI>Max Depth = 8<LI>Call Chain = u8x8_byte_EndTransfer
</UL>
<BR>[Called By]<UL><LI><a href="#[3d]">&gt;&gt;</a>&nbsp;&nbsp;&nbsp;u8x8_cad_ssd13xx_fast_i2c
<LI><a href="#[90]">&gt;&gt;</a>&nbsp;&nbsp;&nbsp;u8x8_i2c_data_transfer
</UL>

<P><STRONG><a name="[8f]"></a>u8x8_byte_SendByte</STRONG> (Thumb, 14 bytes, Stack size 16 bytes, u8x8_byte.o(i.u8x8_byte_SendByte))
<BR><BR>[Stack]<UL><LI>Max Depth = 16<LI>Call Chain = u8x8_byte_SendByte
</UL>
<BR>[Called By]<UL><LI><a href="#[3d]">&gt;&gt;</a>&nbsp;&nbsp;&nbsp;u8x8_cad_ssd13xx_fast_i2c
<LI><a href="#[90]">&gt;&gt;</a>&nbsp;&nbsp;&nbsp;u8x8_i2c_data_transfer
</UL>

<P><STRONG><a name="[8e]"></a>u8x8_byte_StartTransfer</STRONG> (Thumb, 16 bytes, Stack size 8 bytes, u8x8_byte.o(i.u8x8_byte_StartTransfer))
<BR><BR>[Stack]<UL><LI>Max Depth = 8<LI>Call Chain = u8x8_byte_StartTransfer
</UL>
<BR>[Called By]<UL><LI><a href="#[3d]">&gt;&gt;</a>&nbsp;&nbsp;&nbsp;u8x8_cad_ssd13xx_fast_i2c
<LI><a href="#[90]">&gt;&gt;</a>&nbsp;&nbsp;&nbsp;u8x8_i2c_data_transfer
</UL>

<P><STRONG><a name="[3b]"></a>u8x8_byte_sw_i2c</STRONG> (Thumb, 188 bytes, Stack size 16 bytes, u8x8_byte.o(i.u8x8_byte_sw_i2c))
<BR><BR>[Stack]<UL><LI>Max Depth = 56<LI>Call Chain = u8x8_byte_sw_i2c &rArr; i2c_write_byte &rArr; i2c_write_bit &rArr; i2c_read_scl_and_delay &rArr; u8x8_gpio_call
</UL>
<BR>[Calls]<UL><LI><a href="#[66]">&gt;&gt;</a>&nbsp;&nbsp;&nbsp;u8x8_gpio_call
<LI><a href="#[6c]">&gt;&gt;</a>&nbsp;&nbsp;&nbsp;i2c_write_byte
<LI><a href="#[6a]">&gt;&gt;</a>&nbsp;&nbsp;&nbsp;i2c_read_sda
<LI><a href="#[69]">&gt;&gt;</a>&nbsp;&nbsp;&nbsp;i2c_read_scl_and_delay
<LI><a href="#[68]">&gt;&gt;</a>&nbsp;&nbsp;&nbsp;i2c_delay
<LI><a href="#[67]">&gt;&gt;</a>&nbsp;&nbsp;&nbsp;i2c_clear_sda
<LI><a href="#[65]">&gt;&gt;</a>&nbsp;&nbsp;&nbsp;i2c_clear_scl
</UL>
<BR>[Address Reference Count : 1]<UL><LI> main.o(i.main)
</UL>
<P><STRONG><a name="[97]"></a>u8x8_cad_EndTransfer</STRONG> (Thumb, 16 bytes, Stack size 8 bytes, u8x8_cad.o(i.u8x8_cad_EndTransfer))
<BR><BR>[Stack]<UL><LI>Max Depth = 8<LI>Call Chain = u8x8_cad_EndTransfer
</UL>
<BR>[Called By]<UL><LI><a href="#[92]">&gt;&gt;</a>&nbsp;&nbsp;&nbsp;u8x8_d_ssd1306_sh1106_generic
</UL>

<P><STRONG><a name="[96]"></a>u8x8_cad_SendArg</STRONG> (Thumb, 16 bytes, Stack size 8 bytes, u8x8_cad.o(i.u8x8_cad_SendArg))
<BR><BR>[Stack]<UL><LI>Max Depth = 8<LI>Call Chain = u8x8_cad_SendArg
</UL>
<BR>[Called By]<UL><LI><a href="#[92]">&gt;&gt;</a>&nbsp;&nbsp;&nbsp;u8x8_d_ssd1306_sh1106_generic
</UL>

<P><STRONG><a name="[95]"></a>u8x8_cad_SendCmd</STRONG> (Thumb, 16 bytes, Stack size 8 bytes, u8x8_cad.o(i.u8x8_cad_SendCmd))
<BR><BR>[Stack]<UL><LI>Max Depth = 8<LI>Call Chain = u8x8_cad_SendCmd
</UL>
<BR>[Called By]<UL><LI><a href="#[92]">&gt;&gt;</a>&nbsp;&nbsp;&nbsp;u8x8_d_ssd1306_sh1106_generic
</UL>

<P><STRONG><a name="[8c]"></a>u8x8_cad_SendData</STRONG> (Thumb, 16 bytes, Stack size 8 bytes, u8x8_cad.o(i.u8x8_cad_SendData))
<BR><BR>[Stack]<UL><LI>Max Depth = 8<LI>Call Chain = u8x8_cad_SendData
</UL>
<BR>[Called By]<UL><LI><a href="#[92]">&gt;&gt;</a>&nbsp;&nbsp;&nbsp;u8x8_d_ssd1306_sh1106_generic
<LI><a href="#[8b]">&gt;&gt;</a>&nbsp;&nbsp;&nbsp;u8x8_cad_SendSequence
</UL>

<P><STRONG><a name="[8b]"></a>u8x8_cad_SendSequence</STRONG> (Thumb, 104 bytes, Stack size 24 bytes, u8x8_cad.o(i.u8x8_cad_SendSequence))
<BR><BR>[Stack]<UL><LI>Max Depth = 32<LI>Call Chain = u8x8_cad_SendSequence &rArr; u8x8_cad_SendData
</UL>
<BR>[Calls]<UL><LI><a href="#[8c]">&gt;&gt;</a>&nbsp;&nbsp;&nbsp;u8x8_cad_SendData
<LI><a href="#[66]">&gt;&gt;</a>&nbsp;&nbsp;&nbsp;u8x8_gpio_call
</UL>
<BR>[Called By]<UL><LI><a href="#[3e]">&gt;&gt;</a>&nbsp;&nbsp;&nbsp;u8x8_d_ssd1306_128x64_noname
<LI><a href="#[92]">&gt;&gt;</a>&nbsp;&nbsp;&nbsp;u8x8_d_ssd1306_sh1106_generic
</UL>

<P><STRONG><a name="[94]"></a>u8x8_cad_StartTransfer</STRONG> (Thumb, 16 bytes, Stack size 8 bytes, u8x8_cad.o(i.u8x8_cad_StartTransfer))
<BR><BR>[Stack]<UL><LI>Max Depth = 8<LI>Call Chain = u8x8_cad_StartTransfer
</UL>
<BR>[Called By]<UL><LI><a href="#[92]">&gt;&gt;</a>&nbsp;&nbsp;&nbsp;u8x8_d_ssd1306_sh1106_generic
</UL>

<P><STRONG><a name="[3d]"></a>u8x8_cad_ssd13xx_fast_i2c</STRONG> (Thumb, 182 bytes, Stack size 24 bytes, u8x8_cad.o(i.u8x8_cad_ssd13xx_fast_i2c))
<BR><BR>[Stack]<UL><LI>Max Depth = 64<LI>Call Chain = u8x8_cad_ssd13xx_fast_i2c &rArr; u8x8_i2c_data_transfer &rArr; u8x8_byte_SendByte
</UL>
<BR>[Calls]<UL><LI><a href="#[90]">&gt;&gt;</a>&nbsp;&nbsp;&nbsp;u8x8_i2c_data_transfer
<LI><a href="#[8e]">&gt;&gt;</a>&nbsp;&nbsp;&nbsp;u8x8_byte_StartTransfer
<LI><a href="#[8f]">&gt;&gt;</a>&nbsp;&nbsp;&nbsp;u8x8_byte_SendByte
<LI><a href="#[8d]">&gt;&gt;</a>&nbsp;&nbsp;&nbsp;u8x8_byte_EndTransfer
</UL>
<BR>[Address Reference Count : 1]<UL><LI> u8g2_d_setup.o(i.u8g2_Setup_ssd1306_i2c_128x64_noname_f)
</UL>
<P><STRONG><a name="[91]"></a>u8x8_d_helper_display_init</STRONG> (Thumb, 96 bytes, Stack size 16 bytes, u8x8_display.o(i.u8x8_d_helper_display_init))
<BR><BR>[Stack]<UL><LI>Max Depth = 24<LI>Call Chain = u8x8_d_helper_display_init &rArr; u8x8_gpio_call
</UL>
<BR>[Calls]<UL><LI><a href="#[66]">&gt;&gt;</a>&nbsp;&nbsp;&nbsp;u8x8_gpio_call
</UL>
<BR>[Called By]<UL><LI><a href="#[3e]">&gt;&gt;</a>&nbsp;&nbsp;&nbsp;u8x8_d_ssd1306_128x64_noname
</UL>

<P><STRONG><a name="[93]"></a>u8x8_d_helper_display_setup_memory</STRONG> (Thumb, 10 bytes, Stack size 0 bytes, u8x8_display.o(i.u8x8_d_helper_display_setup_memory))
<BR><BR>[Called By]<UL><LI><a href="#[3e]">&gt;&gt;</a>&nbsp;&nbsp;&nbsp;u8x8_d_ssd1306_128x64_noname
</UL>

<P><STRONG><a name="[3e]"></a>u8x8_d_ssd1306_128x64_noname</STRONG> (Thumb, 52 bytes, Stack size 16 bytes, u8x8_d_ssd1306_128x64_noname.o(i.u8x8_d_ssd1306_128x64_noname))
<BR><BR>[Stack]<UL><LI>Max Depth = 72<LI>Call Chain = u8x8_d_ssd1306_128x64_noname &rArr; u8x8_d_ssd1306_sh1106_generic &rArr; u8x8_cad_SendSequence &rArr; u8x8_cad_SendData
</UL>
<BR>[Calls]<UL><LI><a href="#[93]">&gt;&gt;</a>&nbsp;&nbsp;&nbsp;u8x8_d_helper_display_setup_memory
<LI><a href="#[91]">&gt;&gt;</a>&nbsp;&nbsp;&nbsp;u8x8_d_helper_display_init
<LI><a href="#[92]">&gt;&gt;</a>&nbsp;&nbsp;&nbsp;u8x8_d_ssd1306_sh1106_generic
<LI><a href="#[8b]">&gt;&gt;</a>&nbsp;&nbsp;&nbsp;u8x8_cad_SendSequence
</UL>
<BR>[Address Reference Count : 1]<UL><LI> u8g2_d_setup.o(i.u8g2_Setup_ssd1306_i2c_128x64_noname_f)
</UL>
<P><STRONG><a name="[40]"></a>u8x8_dummy_cb</STRONG> (Thumb, 4 bytes, Stack size 0 bytes, u8x8_setup.o(i.u8x8_dummy_cb))
<BR>[Address Reference Count : 1]<UL><LI> u8x8_setup.o(i.u8x8_SetupDefaults)
</UL>
<P><STRONG><a name="[66]"></a>u8x8_gpio_call</STRONG> (Thumb, 12 bytes, Stack size 8 bytes, u8x8_gpio.o(i.u8x8_gpio_call))
<BR><BR>[Stack]<UL><LI>Max Depth = 8<LI>Call Chain = u8x8_gpio_call
</UL>
<BR>[Called By]<UL><LI><a href="#[91]">&gt;&gt;</a>&nbsp;&nbsp;&nbsp;u8x8_d_helper_display_init
<LI><a href="#[8b]">&gt;&gt;</a>&nbsp;&nbsp;&nbsp;u8x8_cad_SendSequence
<LI><a href="#[3b]">&gt;&gt;</a>&nbsp;&nbsp;&nbsp;u8x8_byte_sw_i2c
<LI><a href="#[6a]">&gt;&gt;</a>&nbsp;&nbsp;&nbsp;i2c_read_sda
<LI><a href="#[69]">&gt;&gt;</a>&nbsp;&nbsp;&nbsp;i2c_read_scl_and_delay
<LI><a href="#[68]">&gt;&gt;</a>&nbsp;&nbsp;&nbsp;i2c_delay
<LI><a href="#[67]">&gt;&gt;</a>&nbsp;&nbsp;&nbsp;i2c_clear_sda
<LI><a href="#[65]">&gt;&gt;</a>&nbsp;&nbsp;&nbsp;i2c_clear_scl
</UL>
<P>
<H3>
Local Symbols
</H3>
<P><STRONG><a name="[64]"></a>SetSysClockTo72</STRONG> (Thumb, 160 bytes, Stack size 12 bytes, system_stm32f10x.o(i.SetSysClockTo72))
<BR><BR>[Stack]<UL><LI>Max Depth = 12<LI>Call Chain = SetSysClockTo72
</UL>
<BR>[Called By]<UL><LI><a href="#[38]">&gt;&gt;</a>&nbsp;&nbsp;&nbsp;SystemInit
</UL>

<P><STRONG><a name="[7d]"></a>u8g2_send_buffer</STRONG> (Thumb, 78 bytes, Stack size 32 bytes, u8g2_buffer.o(i.u8g2_send_buffer))
<BR><BR>[Stack]<UL><LI>Max Depth = 48<LI>Call Chain = u8g2_send_buffer &rArr; u8x8_DrawTile
</UL>
<BR>[Calls]<UL><LI><a href="#[87]">&gt;&gt;</a>&nbsp;&nbsp;&nbsp;u8x8_DrawTile
</UL>
<BR>[Called By]<UL><LI><a href="#[73]">&gt;&gt;</a>&nbsp;&nbsp;&nbsp;u8g2_SendBuffer
</UL>

<P><STRONG><a name="[78]"></a>u8g2_draw_disc</STRONG> (Thumb, 106 bytes, Stack size 64 bytes, u8g2_circle.o(i.u8g2_draw_disc))
<BR><BR>[Stack]<UL><LI>Max Depth = 188<LI>Call Chain = u8g2_draw_disc &rArr; u8g2_draw_disc_section &rArr; u8g2_DrawVLine &rArr; u8g2_DrawHVLine &rArr; u8g2_clip_intersection2
</UL>
<BR>[Calls]<UL><LI><a href="#[85]">&gt;&gt;</a>&nbsp;&nbsp;&nbsp;u8g2_draw_disc_section
</UL>
<BR>[Called By]<UL><LI><a href="#[77]">&gt;&gt;</a>&nbsp;&nbsp;&nbsp;u8g2_DrawDisc
</UL>

<P><STRONG><a name="[85]"></a>u8g2_draw_disc_section</STRONG> (Thumb, 204 bytes, Stack size 64 bytes, u8g2_circle.o(i.u8g2_draw_disc_section))
<BR><BR>[Stack]<UL><LI>Max Depth = 124<LI>Call Chain = u8g2_draw_disc_section &rArr; u8g2_DrawVLine &rArr; u8g2_DrawHVLine &rArr; u8g2_clip_intersection2
</UL>
<BR>[Calls]<UL><LI><a href="#[7b]">&gt;&gt;</a>&nbsp;&nbsp;&nbsp;u8g2_DrawVLine
</UL>
<BR>[Called By]<UL><LI><a href="#[78]">&gt;&gt;</a>&nbsp;&nbsp;&nbsp;u8g2_draw_disc
</UL>

<P><STRONG><a name="[79]"></a>u8g2_clip_intersection2</STRONG> (Thumb, 60 bytes, Stack size 12 bytes, u8g2_hvline.o(i.u8g2_clip_intersection2))
<BR><BR>[Stack]<UL><LI>Max Depth = 12<LI>Call Chain = u8g2_clip_intersection2
</UL>
<BR>[Called By]<UL><LI><a href="#[76]">&gt;&gt;</a>&nbsp;&nbsp;&nbsp;u8g2_DrawHVLine
</UL>

<P><STRONG><a name="[84]"></a>u8g2_apply_clip_window</STRONG> (Thumb, 110 bytes, Stack size 16 bytes, u8g2_setup.o(i.u8g2_apply_clip_window))
<BR><BR>[Stack]<UL><LI>Max Depth = 32<LI>Call Chain = u8g2_apply_clip_window &rArr; u8g2_IsIntersection
</UL>
<BR>[Calls]<UL><LI><a href="#[75]">&gt;&gt;</a>&nbsp;&nbsp;&nbsp;u8g2_IsIntersection
</UL>
<BR>[Called By]<UL><LI><a href="#[42]">&gt;&gt;</a>&nbsp;&nbsp;&nbsp;u8g2_update_page_win_r0
</UL>

<P><STRONG><a name="[88]"></a>u8g2_update_dimension_common</STRONG> (Thumb, 70 bytes, Stack size 20 bytes, u8g2_setup.o(i.u8g2_update_dimension_common))
<BR><BR>[Stack]<UL><LI>Max Depth = 20<LI>Call Chain = u8g2_update_dimension_common
</UL>
<BR>[Called By]<UL><LI><a href="#[41]">&gt;&gt;</a>&nbsp;&nbsp;&nbsp;u8g2_update_dimension_r0
</UL>

<P><STRONG><a name="[65]"></a>i2c_clear_scl</STRONG> (Thumb, 8 bytes, Stack size 0 bytes, u8x8_byte.o(i.i2c_clear_scl))
<BR><BR>[Stack]<UL><LI>Max Depth = 8<LI>Call Chain = i2c_clear_scl &rArr; u8x8_gpio_call
</UL>
<BR>[Calls]<UL><LI><a href="#[66]">&gt;&gt;</a>&nbsp;&nbsp;&nbsp;u8x8_gpio_call
</UL>
<BR>[Called By]<UL><LI><a href="#[3b]">&gt;&gt;</a>&nbsp;&nbsp;&nbsp;u8x8_byte_sw_i2c
<LI><a href="#[6c]">&gt;&gt;</a>&nbsp;&nbsp;&nbsp;i2c_write_byte
<LI><a href="#[6b]">&gt;&gt;</a>&nbsp;&nbsp;&nbsp;i2c_write_bit
</UL>

<P><STRONG><a name="[67]"></a>i2c_clear_sda</STRONG> (Thumb, 8 bytes, Stack size 0 bytes, u8x8_byte.o(i.i2c_clear_sda))
<BR><BR>[Stack]<UL><LI>Max Depth = 8<LI>Call Chain = i2c_clear_sda &rArr; u8x8_gpio_call
</UL>
<BR>[Calls]<UL><LI><a href="#[66]">&gt;&gt;</a>&nbsp;&nbsp;&nbsp;u8x8_gpio_call
</UL>
<BR>[Called By]<UL><LI><a href="#[3b]">&gt;&gt;</a>&nbsp;&nbsp;&nbsp;u8x8_byte_sw_i2c
<LI><a href="#[6b]">&gt;&gt;</a>&nbsp;&nbsp;&nbsp;i2c_write_bit
</UL>

<P><STRONG><a name="[68]"></a>i2c_delay</STRONG> (Thumb, 10 bytes, Stack size 0 bytes, u8x8_byte.o(i.i2c_delay))
<BR><BR>[Stack]<UL><LI>Max Depth = 8<LI>Call Chain = i2c_delay &rArr; u8x8_gpio_call
</UL>
<BR>[Calls]<UL><LI><a href="#[66]">&gt;&gt;</a>&nbsp;&nbsp;&nbsp;u8x8_gpio_call
</UL>
<BR>[Called By]<UL><LI><a href="#[3b]">&gt;&gt;</a>&nbsp;&nbsp;&nbsp;u8x8_byte_sw_i2c
<LI><a href="#[6c]">&gt;&gt;</a>&nbsp;&nbsp;&nbsp;i2c_write_byte
<LI><a href="#[6b]">&gt;&gt;</a>&nbsp;&nbsp;&nbsp;i2c_write_bit
<LI><a href="#[69]">&gt;&gt;</a>&nbsp;&nbsp;&nbsp;i2c_read_scl_and_delay
</UL>

<P><STRONG><a name="[69]"></a>i2c_read_scl_and_delay</STRONG> (Thumb, 22 bytes, Stack size 8 bytes, u8x8_byte.o(i.i2c_read_scl_and_delay))
<BR><BR>[Stack]<UL><LI>Max Depth = 16<LI>Call Chain = i2c_read_scl_and_delay &rArr; u8x8_gpio_call
</UL>
<BR>[Calls]<UL><LI><a href="#[66]">&gt;&gt;</a>&nbsp;&nbsp;&nbsp;u8x8_gpio_call
<LI><a href="#[68]">&gt;&gt;</a>&nbsp;&nbsp;&nbsp;i2c_delay
</UL>
<BR>[Called By]<UL><LI><a href="#[3b]">&gt;&gt;</a>&nbsp;&nbsp;&nbsp;u8x8_byte_sw_i2c
<LI><a href="#[6c]">&gt;&gt;</a>&nbsp;&nbsp;&nbsp;i2c_write_byte
<LI><a href="#[6b]">&gt;&gt;</a>&nbsp;&nbsp;&nbsp;i2c_write_bit
</UL>

<P><STRONG><a name="[6a]"></a>i2c_read_sda</STRONG> (Thumb, 8 bytes, Stack size 0 bytes, u8x8_byte.o(i.i2c_read_sda))
<BR><BR>[Stack]<UL><LI>Max Depth = 8<LI>Call Chain = i2c_read_sda &rArr; u8x8_gpio_call
</UL>
<BR>[Calls]<UL><LI><a href="#[66]">&gt;&gt;</a>&nbsp;&nbsp;&nbsp;u8x8_gpio_call
</UL>
<BR>[Called By]<UL><LI><a href="#[3b]">&gt;&gt;</a>&nbsp;&nbsp;&nbsp;u8x8_byte_sw_i2c
<LI><a href="#[6c]">&gt;&gt;</a>&nbsp;&nbsp;&nbsp;i2c_write_byte
<LI><a href="#[6b]">&gt;&gt;</a>&nbsp;&nbsp;&nbsp;i2c_write_bit
</UL>

<P><STRONG><a name="[6b]"></a>i2c_write_bit</STRONG> (Thumb, 38 bytes, Stack size 8 bytes, u8x8_byte.o(i.i2c_write_bit))
<BR><BR>[Stack]<UL><LI>Max Depth = 24<LI>Call Chain = i2c_write_bit &rArr; i2c_read_scl_and_delay &rArr; u8x8_gpio_call
</UL>
<BR>[Calls]<UL><LI><a href="#[6a]">&gt;&gt;</a>&nbsp;&nbsp;&nbsp;i2c_read_sda
<LI><a href="#[69]">&gt;&gt;</a>&nbsp;&nbsp;&nbsp;i2c_read_scl_and_delay
<LI><a href="#[68]">&gt;&gt;</a>&nbsp;&nbsp;&nbsp;i2c_delay
<LI><a href="#[67]">&gt;&gt;</a>&nbsp;&nbsp;&nbsp;i2c_clear_sda
<LI><a href="#[65]">&gt;&gt;</a>&nbsp;&nbsp;&nbsp;i2c_clear_scl
</UL>
<BR>[Called By]<UL><LI><a href="#[6c]">&gt;&gt;</a>&nbsp;&nbsp;&nbsp;i2c_write_byte
</UL>

<P><STRONG><a name="[6c]"></a>i2c_write_byte</STRONG> (Thumb, 124 bytes, Stack size 16 bytes, u8x8_byte.o(i.i2c_write_byte))
<BR><BR>[Stack]<UL><LI>Max Depth = 40<LI>Call Chain = i2c_write_byte &rArr; i2c_write_bit &rArr; i2c_read_scl_and_delay &rArr; u8x8_gpio_call
</UL>
<BR>[Calls]<UL><LI><a href="#[6b]">&gt;&gt;</a>&nbsp;&nbsp;&nbsp;i2c_write_bit
<LI><a href="#[6a]">&gt;&gt;</a>&nbsp;&nbsp;&nbsp;i2c_read_sda
<LI><a href="#[69]">&gt;&gt;</a>&nbsp;&nbsp;&nbsp;i2c_read_scl_and_delay
<LI><a href="#[68]">&gt;&gt;</a>&nbsp;&nbsp;&nbsp;i2c_delay
<LI><a href="#[65]">&gt;&gt;</a>&nbsp;&nbsp;&nbsp;i2c_clear_scl
</UL>
<BR>[Called By]<UL><LI><a href="#[3b]">&gt;&gt;</a>&nbsp;&nbsp;&nbsp;u8x8_byte_sw_i2c
</UL>

<P><STRONG><a name="[90]"></a>u8x8_i2c_data_transfer</STRONG> (Thumb, 44 bytes, Stack size 24 bytes, u8x8_cad.o(i.u8x8_i2c_data_transfer))
<BR><BR>[Stack]<UL><LI>Max Depth = 40<LI>Call Chain = u8x8_i2c_data_transfer &rArr; u8x8_byte_SendByte
</UL>
<BR>[Calls]<UL><LI><a href="#[8e]">&gt;&gt;</a>&nbsp;&nbsp;&nbsp;u8x8_byte_StartTransfer
<LI><a href="#[8f]">&gt;&gt;</a>&nbsp;&nbsp;&nbsp;u8x8_byte_SendByte
<LI><a href="#[8d]">&gt;&gt;</a>&nbsp;&nbsp;&nbsp;u8x8_byte_EndTransfer
</UL>
<BR>[Called By]<UL><LI><a href="#[3d]">&gt;&gt;</a>&nbsp;&nbsp;&nbsp;u8x8_cad_ssd13xx_fast_i2c
</UL>

<P><STRONG><a name="[92]"></a>u8x8_d_ssd1306_sh1106_generic</STRONG> (Thumb, 196 bytes, Stack size 24 bytes, u8x8_d_ssd1306_128x64_noname.o(i.u8x8_d_ssd1306_sh1106_generic))
<BR><BR>[Stack]<UL><LI>Max Depth = 56<LI>Call Chain = u8x8_d_ssd1306_sh1106_generic &rArr; u8x8_cad_SendSequence &rArr; u8x8_cad_SendData
</UL>
<BR>[Calls]<UL><LI><a href="#[94]">&gt;&gt;</a>&nbsp;&nbsp;&nbsp;u8x8_cad_StartTransfer
<LI><a href="#[8b]">&gt;&gt;</a>&nbsp;&nbsp;&nbsp;u8x8_cad_SendSequence
<LI><a href="#[8c]">&gt;&gt;</a>&nbsp;&nbsp;&nbsp;u8x8_cad_SendData
<LI><a href="#[95]">&gt;&gt;</a>&nbsp;&nbsp;&nbsp;u8x8_cad_SendCmd
<LI><a href="#[96]">&gt;&gt;</a>&nbsp;&nbsp;&nbsp;u8x8_cad_SendArg
<LI><a href="#[97]">&gt;&gt;</a>&nbsp;&nbsp;&nbsp;u8x8_cad_EndTransfer
</UL>
<BR>[Called By]<UL><LI><a href="#[3e]">&gt;&gt;</a>&nbsp;&nbsp;&nbsp;u8x8_d_ssd1306_128x64_noname
</UL>
<P>
<H3>
Undefined Global Symbols
</H3><HR></body></html>
